###############################################################################
#
# IAR ELF Linker V7.80.4.12462/W32 for ARM                21/May/2019  17:01:06
# Copyright 2007-2017 IAR Systems AB.
#
#    Output file  =  
#        C:\GNSS\Software\rJ105\source\GNSS_GW\board\S5U1C31W74T1\IAR\DebugFlash\Exe\GNSS_GW_FW_SIDE_A.out
#    Map file     =  
#        C:\GNSS\Software\rJ105\source\GNSS_GW\board\S5U1C31W74T1\IAR\DebugFlash\List\GNSS_GW_FW_SIDE_A.map
#    Command line =  
#        C:\GNSS\Software\rJ105\source\GNSS_GW\board\S5U1C31W74T1\IAR\DebugFlash\Obj\board.o
#        C:\GNSS\Software\rJ105\source\GNSS_GW\board\S5U1C31W74T1\IAR\DebugFlash\Obj\ctrl_BQ24160A.o
#        C:\GNSS\Software\rJ105\source\GNSS_GW\board\S5U1C31W74T1\IAR\DebugFlash\Obj\ctrl_BQ28Z610.o
#        C:\GNSS\Software\rJ105\source\GNSS_GW\board\S5U1C31W74T1\IAR\DebugFlash\Obj\ctrl_CXD5600GF.o
#        C:\GNSS\Software\rJ105\source\GNSS_GW\board\S5U1C31W74T1\IAR\DebugFlash\Obj\ctrl_GPIO.o
#        C:\GNSS\Software\rJ105\source\GNSS_GW\board\S5U1C31W74T1\IAR\DebugFlash\Obj\ctrl_I2C0.o
#        C:\GNSS\Software\rJ105\source\GNSS_GW\board\S5U1C31W74T1\IAR\DebugFlash\Obj\ctrl_I2C1.o
#        C:\GNSS\Software\rJ105\source\GNSS_GW\board\S5U1C31W74T1\IAR\DebugFlash\Obj\ctrl_LSM6DSL.o
#        C:\GNSS\Software\rJ105\source\GNSS_GW\board\S5U1C31W74T1\IAR\DebugFlash\Obj\ctrl_MPL3115A2.o
#        C:\GNSS\Software\rJ105\source\GNSS_GW\board\S5U1C31W74T1\IAR\DebugFlash\Obj\ctrl_SLEEP.o
#        C:\GNSS\Software\rJ105\source\GNSS_GW\board\S5U1C31W74T1\IAR\DebugFlash\Obj\ctrl_SM7500JE.o
#        C:\GNSS\Software\rJ105\source\GNSS_GW\board\S5U1C31W74T1\IAR\DebugFlash\Obj\ctrl_USB.o
#        C:\GNSS\Software\rJ105\source\GNSS_GW\board\S5U1C31W74T1\IAR\DebugFlash\Obj\ctrl_W25Q.o
#        C:\GNSS\Software\rJ105\source\GNSS_GW\board\S5U1C31W74T1\IAR\DebugFlash\Obj\drv_clg.o
#        C:\GNSS\Software\rJ105\source\GNSS_GW\board\S5U1C31W74T1\IAR\DebugFlash\Obj\drv_flash.o
#        C:\GNSS\Software\rJ105\source\GNSS_GW\board\S5U1C31W74T1\IAR\DebugFlash\Obj\drv_gpio.o
#        C:\GNSS\Software\rJ105\source\GNSS_GW\board\S5U1C31W74T1\IAR\DebugFlash\Obj\drv_i2c_0.o
#        C:\GNSS\Software\rJ105\source\GNSS_GW\board\S5U1C31W74T1\IAR\DebugFlash\Obj\drv_i2c_1.o
#        C:\GNSS\Software\rJ105\source\GNSS_GW\board\S5U1C31W74T1\IAR\DebugFlash\Obj\drv_rtc.o
#        C:\GNSS\Software\rJ105\source\GNSS_GW\board\S5U1C31W74T1\IAR\DebugFlash\Obj\drv_spi_0.o
#        C:\GNSS\Software\rJ105\source\GNSS_GW\board\S5U1C31W74T1\IAR\DebugFlash\Obj\drv_t16_3.o
#        C:\GNSS\Software\rJ105\source\GNSS_GW\board\S5U1C31W74T1\IAR\DebugFlash\Obj\drv_uart2_0.o
#        C:\GNSS\Software\rJ105\source\GNSS_GW\board\S5U1C31W74T1\IAR\DebugFlash\Obj\drv_uart2_1.o
#        C:\GNSS\Software\rJ105\source\GNSS_GW\board\S5U1C31W74T1\IAR\DebugFlash\Obj\drv_usb_main.o
#        C:\GNSS\Software\rJ105\source\GNSS_GW\board\S5U1C31W74T1\IAR\DebugFlash\Obj\drv_usbd_user_cdc_acm.o
#        C:\GNSS\Software\rJ105\source\GNSS_GW\board\S5U1C31W74T1\IAR\DebugFlash\Obj\drv_wdt.o
#        C:\GNSS\Software\rJ105\source\GNSS_GW\board\S5U1C31W74T1\IAR\DebugFlash\Obj\fixed.o
#        C:\GNSS\Software\rJ105\source\GNSS_GW\board\S5U1C31W74T1\IAR\DebugFlash\Obj\gnss_gw_common.o
#        C:\GNSS\Software\rJ105\source\GNSS_GW\board\S5U1C31W74T1\IAR\DebugFlash\Obj\main.o
#        C:\GNSS\Software\rJ105\source\GNSS_GW\board\S5U1C31W74T1\IAR\DebugFlash\Obj\man_battery.o
#        C:\GNSS\Software\rJ105\source\GNSS_GW\board\S5U1C31W74T1\IAR\DebugFlash\Obj\man_charge.o
#        C:\GNSS\Software\rJ105\source\GNSS_GW\board\S5U1C31W74T1\IAR\DebugFlash\Obj\man_cmd.o
#        C:\GNSS\Software\rJ105\source\GNSS_GW\board\S5U1C31W74T1\IAR\DebugFlash\Obj\man_data.o
#        C:\GNSS\Software\rJ105\source\GNSS_GW\board\S5U1C31W74T1\IAR\DebugFlash\Obj\man_error.o
#        C:\GNSS\Software\rJ105\source\GNSS_GW\board\S5U1C31W74T1\IAR\DebugFlash\Obj\man_flash.o
#        C:\GNSS\Software\rJ105\source\GNSS_GW\board\S5U1C31W74T1\IAR\DebugFlash\Obj\man_gpio.o
#        C:\GNSS\Software\rJ105\source\GNSS_GW\board\S5U1C31W74T1\IAR\DebugFlash\Obj\man_gps.o
#        C:\GNSS\Software\rJ105\source\GNSS_GW\board\S5U1C31W74T1\IAR\DebugFlash\Obj\man_gyro.o
#        C:\GNSS\Software\rJ105\source\GNSS_GW\board\S5U1C31W74T1\IAR\DebugFlash\Obj\man_http.o
#        C:\GNSS\Software\rJ105\source\GNSS_GW\board\S5U1C31W74T1\IAR\DebugFlash\Obj\man_lte.o
#        C:\GNSS\Software\rJ105\source\GNSS_GW\board\S5U1C31W74T1\IAR\DebugFlash\Obj\man_memory.o
#        C:\GNSS\Software\rJ105\source\GNSS_GW\board\S5U1C31W74T1\IAR\DebugFlash\Obj\man_msg.o
#        C:\GNSS\Software\rJ105\source\GNSS_GW\board\S5U1C31W74T1\IAR\DebugFlash\Obj\man_net.o
#        C:\GNSS\Software\rJ105\source\GNSS_GW\board\S5U1C31W74T1\IAR\DebugFlash\Obj\man_ope.o
#        C:\GNSS\Software\rJ105\source\GNSS_GW\board\S5U1C31W74T1\IAR\DebugFlash\Obj\man_ota.o
#        C:\GNSS\Software\rJ105\source\GNSS_GW\board\S5U1C31W74T1\IAR\DebugFlash\Obj\man_press.o
#        C:\GNSS\Software\rJ105\source\GNSS_GW\board\S5U1C31W74T1\IAR\DebugFlash\Obj\man_rpt.o
#        C:\GNSS\Software\rJ105\source\GNSS_GW\board\S5U1C31W74T1\IAR\DebugFlash\Obj\man_rtc.o
#        C:\GNSS\Software\rJ105\source\GNSS_GW\board\S5U1C31W74T1\IAR\DebugFlash\Obj\man_timer.o
#        C:\GNSS\Software\rJ105\source\GNSS_GW\board\S5U1C31W74T1\IAR\DebugFlash\Obj\man_usb.o
#        C:\GNSS\Software\rJ105\source\GNSS_GW\board\S5U1C31W74T1\IAR\DebugFlash\Obj\man_version.o
#        C:\GNSS\Software\rJ105\source\GNSS_GW\board\S5U1C31W74T1\IAR\DebugFlash\Obj\mid_GPS.o
#        C:\GNSS\Software\rJ105\source\GNSS_GW\board\S5U1C31W74T1\IAR\DebugFlash\Obj\mid_HTTP.o
#        C:\GNSS\Software\rJ105\source\GNSS_GW\board\S5U1C31W74T1\IAR\DebugFlash\Obj\read.o
#        C:\GNSS\Software\rJ105\source\GNSS_GW\board\S5U1C31W74T1\IAR\DebugFlash\Obj\startup_S1C31W74.o
#        C:\GNSS\Software\rJ105\source\GNSS_GW\board\S5U1C31W74T1\IAR\DebugFlash\Obj\system_S1C31W74.o
#        C:\GNSS\Software\rJ105\source\GNSS_GW\board\S5U1C31W74T1\IAR\DebugFlash\Obj\usbd_cdc_acm.o
#        C:\GNSS\Software\rJ105\source\GNSS_GW\board\S5U1C31W74T1\IAR\DebugFlash\Obj\usbd_core.o
#        C:\GNSS\Software\rJ105\source\GNSS_GW\board\S5U1C31W74T1\IAR\DebugFlash\Obj\usbd_core_cdc.o
#        C:\GNSS\Software\rJ105\source\GNSS_GW\board\S5U1C31W74T1\IAR\DebugFlash\Obj\usbd_S1C31W74.o
#        C:\GNSS\Software\rJ105\source\GNSS_GW\board\S5U1C31W74T1\IAR\DebugFlash\Obj\write.o
#        -o
#        C:\GNSS\Software\rJ105\source\GNSS_GW\board\S5U1C31W74T1\IAR\DebugFlash\Exe\GNSS_GW_FW_SIDE_A.out
#        --redirect _Scanf=_ScanfFull --map
#        C:\GNSS\Software\rJ105\source\GNSS_GW\board\S5U1C31W74T1\IAR\DebugFlash\List\GNSS_GW_FW_SIDE_A.map
#        --config
#        C:\GNSS\Software\rJ105\source\GNSS_GW\board\S5U1C31W74T1\IAR\config\S1C31W74_flash_A_Side.icf
#        --semihosting
#        C:\GNSS\Software\rJ105\source\GNSS_GW\board\S5U1C31W74T1\IAR\..\..\..\..\..\sePeriphLibrary\Device\S1C31W74\IAR\Debug\Exe\sePeriphLibrary.a
#        C:\GNSS\Software\rJ105\source\GNSS_GW\board\S5U1C31W74T1\IAR\..\..\..\..\..\seFlashLibrary\Device\S1C31W74\IAR\seFlashLibraryS1C31W74Int.a
#        --entry __iar_program_start --redirect __write=__write_buffered --vfe
#
###############################################################################

*******************************************************************************
*** RUNTIME MODEL ATTRIBUTES
***

CppFlavor       = *
__SystemLibrary = DLib


*******************************************************************************
*** PLACEMENT SUMMARY
***

"A0":  place at 0x00010000 { ro section .intvec };
"P1":  place in [from 0x0001010d to 0x0003ffff] { ro };
"P2":  place in [from 0x0001010d to 0x0003ffff] {
          section .flash_common_text_init };
"P3":  place in [from 0x00010100 to 0x0001010c] { block TBL2_BLOCK };
"P4":  place in [from 0x20000020 to 0x2001ebff] { rw };
"P5":  place in [from 0x20000020 to 0x2001ebff] { section .flash_common_text };
"P6":  place in [from 0x2001ec00 to 0x2001fdff] { block CSTACK, block HEAP };
initialize by copy { rw };
initialize manually with packing = copy, complex ranges {
   section .flash_common_text };

  Section                 Kind        Address     Size  Object
  -------                 ----        -------     ----  ------
"A0":                                             0x9c
  .intvec                 ro code  0x00010000     0x9c  startup_S1C31W74.o [1]
                                 - 0x0001009c     0x9c

"P3":                                              0xc
  TBL2_BLOCK                       0x00010100      0xc  <Block>
    .text                 ro code  0x00010100      0xc  cstartup_M.o [4]
                                 - 0x0001010c      0xc

"P1-P2":                                       0x218f4
  .text                   ro code  0x00010110   0x3630  man_ota.o [1]
  .text                   ro code  0x00013740     0x5c  ABImemcpy.o [4]
  .text                   ro code  0x0001379c    0x484  man_error.o [1]
  .text                   ro code  0x00013c20    0x1f6  man_flash.o [1]
  .text                   ro code  0x00013e16     0x7e  lz77_init_single.o [4]
  .text                   ro code  0x00013e94     0x54  ABImemset.o [4]
  .text                   ro code  0x00013ee8   0x147c  man_http.o [1]
  .text                   ro code  0x00015364   0x137c  man_gps.o [1]
  .text                   ro code  0x000166e0    0x968  man_data.o [1]
  .text                   ro code  0x00017048    0x204  man_timer.o [1]
  .text                   ro code  0x0001724c   0x1154  man_rpt.o [1]
  .text                   ro code  0x000183a0    0x588  main.o [1]
  .text                   ro code  0x00018928   0x11f4  man_msg.o [1]
  .text                   ro code  0x00019b1c   0x18f8  man_ope.o [1]
  .text                   ro code  0x0001b414    0x124  man_battery.o [1]
  .text                   ro code  0x0001b538    0x372  man_charge.o [1]
  .text                   ro code  0x0001b8aa      0xa  xsprout.o [3]
  .text                   ro code  0x0001b8b4    0x6dc  man_usb.o [1]
  .text                   ro code  0x0001bf90     0xe0  I32DivModFast.o [4]
  .text                   ro code  0x0001c070      0x8  man_memory.o [1]
  .text                   ro code  0x0001c078     0x38  sprintf.o [3]
  .text                   ro code  0x0001c0b0     0x10  strlen.o [4]
  .text                   ro code  0x0001c0c0    0x170  man_rtc.o [1]
  .text                   ro code  0x0001c230    0x1c2  ctrl_W25Q.o [1]
  .text                   ro code  0x0001c3f2     0x28  memcmp.o [4]
  .rodata                 const    0x0001c41a      0x2  ctrl_BQ24160A.o [1]
  .text                   ro code  0x0001c41c   0x2c04  mid_HTTP.o [1]
  .text                   ro code  0x0001f020    0xef8  mid_GPS.o [1]
  .text                   ro code  0x0001ff18    0x264  man_gpio.o [1]
  .text                   ro code  0x0002017c     0xe8  system_S1C31W74.o [1]
  .text                   ro code  0x00020264    0x1ee  gnss_gw_common.o [1]
  .rodata                 const    0x00020452      0x2  ctrl_BQ24160A.o [1]
  .text                   ro code  0x00020454     0x68  drv_flash.o [1]
  .text                   ro code  0x000204bc     0x30  man_version.o [1]
  .text                   ro code  0x000204ec    0x1d0  man_gyro.o [1]
  .text                   ro code  0x000206bc    0x1fc  man_press.o [1]
  .text                   ro code  0x000208b8   0x134c  man_lte.o [1]
  .text                   ro code  0x00021c04      0x8  abs.o [3]
  .text                   ro code  0x00021c0c    0x208  drv_t16_3.o [1]
  .text                   ro code  0x00021e14     0xce  drv_rtc.o [1]
  .rodata                 const    0x00021ee2      0x2  ctrl_BQ24160A.o [1]
  .text                   ro code  0x00021ee4     0xb0  drv_wdt.o [1]
  .text                   ro code  0x00021f94    0x2fc  ctrl_MPL3115A2.o [1]
  .text                   ro code  0x00022290     0x30  ctrl_SLEEP.o [1]
  .text                   ro code  0x000222c0     0x24  ctrl_I2C0.o [1]
  .text                   ro code  0x000222e4      0xc  ctrl_I2C1.o [1]
  .text                   ro code  0x000222f0   0x27b4  man_cmd.o [1]
  .text                   ro code  0x00024aa4   0x110c  man_net.o [1]
  .text                   ro code  0x00025bb0    0x480  se_clg.o [6]
  .text                   ro code  0x00026030   0x106c  ctrl_CXD5600GF.o [1]
  .text                   ro code  0x0002709c    0x970  ctrl_SM7500JE.o [1]
  .text                   ro code  0x00027a0c    0x124  ctrl_USB.o [1]
  .text                   ro code  0x00027b30    0x256  drv_gpio.o [1]
  .rodata                 const    0x00027d86      0x2  ctrl_BQ24160A.o [1]
  .text                   ro code  0x00027d88    0x154  ctrl_BQ28Z610.o [1]
  .text                   ro code  0x00027edc    0x562  ctrl_BQ24160A.o [1]
  .rodata                 const    0x0002843e      0x2  ctrl_BQ24160A.o [1]
  .text                   ro code  0x00028440     0x44  ctrl_GPIO.o [1]
  .text                   ro code  0x00028484      0x2  IntDivZer.o [4]
  .rodata                 const    0x00028486      0x2  ctrl_BQ24160A.o [1]
  .text                   ro code  0x00028488    0x52c  xprintfsmall_nomb.o [3]
  .text                   ro code  0x000289b4    0x124  drv_spi_0.o [1]
  .text                   ro code  0x00028ad8     0x10  strcpy.o [4]
  .text                   ro code  0x00028ae8     0x94  board.o [1]
  .text                   ro code  0x00028b7c    0x264  ctrl_LSM6DSL.o [1]
  .text                   ro code  0x00028de0    0x23a  se_t16.o [6]
  .rodata                 const    0x0002901a      0x2  ctrl_BQ24160A.o [1]
  .text                   ro code  0x0002901c    0x770  se_rtca.o [6]
  .text                   ro code  0x0002978c    0x250  se_wdt2.o [6]
  .text                   ro code  0x000299dc    0x150  drv_i2c_0.o [1]
  .text                   ro code  0x00029b2c    0x73c  drv_clg.o [1]
  .text                   ro code  0x0002a268    0x120  drv_i2c_1.o [1]
  .text                   ro code  0x0002a388    0x2a8  drv_uart2_0.o [1]
  .text                   ro code  0x0002a630     0xda  drv_usb_main.o [1]
  .rodata                 const    0x0002a70a      0x2  ctrl_BQ24160A.o [1]
  .text                   ro code  0x0002a70c    0x29c  drv_uart2_1.o [1]
  .text                   ro code  0x0002a9a8      0xc  atoi.o [3]
  .text                   ro code  0x0002a9b4     0x20  se_common.o [6]
  .text                   ro code  0x0002a9d4    0x474  se_pport.o [6]
  .text                   ro code  0x0002ae48     0x14  strchr.o [4]
  .text                   ro code  0x0002ae5c     0x18  memchr.o [4]
  .text                   ro code  0x0002ae74    0x38e  se_spia.o [6]
  .rodata                 const    0x0002b202      0x2  ctrl_BQ24160A.o [1]
  .text                   ro code  0x0002b204    0x508  se_i2c.o [6]
  .text                   ro code  0x0002b70c    0xd3c  se_usb.o [6]
  .text                   ro code  0x0002c448    0x8ec  usbd_S1C31W74.o [1]
  .text                   ro code  0x0002cd34    0x23c  se_svd2.o [6]
  .text                   ro code  0x0002cf70    0x306  se_uart2.o [6]
  .rodata                 const    0x0002d276      0x2  ctrl_BQ24160A.o [1]
  .text                   ro code  0x0002d278    0xb10  usbd_core.o [1]
  .text                   ro code  0x0002dd88    0x418  usbd_cdc_acm.o [1]
  .text                   ro code  0x0002e1a0     0xcc  usbd_cdc_acm.o [1]
  .text                   ro code  0x0002e26c     0x80  drv_usbd_user_cdc_acm.o [1]
  .text                   ro code  0x0002e2ec    0x180  xstoul.o [3]
  .text                   ro code  0x0002e46c     0x24  printf.o [3]
  .text                   ro code  0x0002e490    0x130  usbd_core_cdc.o [1]
  .text                   ro code  0x0002e5c0     0x80  usbd_core_cdc.o [1]
  .text                   ro code  0x0002e640      0x4  usbd_cdc_acm.o [1]
  .text                   ro code  0x0002e644     0x16  uread4.o [4]
  .rodata                 const    0x0002e65a      0x2  ctrl_BQ24160A.o [1]
  .text                   ro code  0x0002e65c     0x14  uwrite4.o [4]
  .text                   ro code  0x0002e670     0x10  errno.o [3]
  .text                   ro code  0x0002e680     0x5c  usbd_cdc_acm.o [1]
  .text                   ro code  0x0002e6dc     0x14  usbd_cdc_acm.o [1]
  .text                   ro code  0x0002e6f0     0x4c  usbd_cdc_acm.o [1]
  .text                   ro code  0x0002e73c      0x2  xtls.o [3]
  .rodata                 const    0x0002e73e      0x2  ctrl_BQ28Z610.o [1]
  .rodata                 const    0x0002e740    0x700  mid_HTTP.o [1]
  .flash_common_text_init
                                   0x0002ee40    0x50c  <Block>
    Initializer bytes     const    0x0002ee40    0x50c  <for .flash_common_text-1>
  .rodata                 const    0x0002f34c    0x440  mid_GPS.o [1]
  .rodata                 const    0x0002f78c    0x230  man_cmd.o [1]
  .rodata                 const    0x0002f9bc    0x1e0  man_data.o [1]
  .rodata                 const    0x0002fb9c    0x198  man_ope.o [1]
  .rodata                 const    0x0002fd34    0x140  man_cmd.o [1]
  Veneer                  ro code  0x0002fe74     0x10  - Linker created -
  Veneer                  ro code  0x0002fe84     0x10  - Linker created -
  Veneer                  ro code  0x0002fe94     0x10  - Linker created -
  .text                   ro code  0x0002fea4     0xdc  Driver_Flash.o [5]
  .text                   ro code  0x0002ff80     0xb0  FlashS1C31W74.o [5]
  .text                   ro code  0x00030030     0xcc  xxwritebuffered.o [3]
  .text                   ro code  0x000300fc     0x1e  dwrite.o [7]
  .text                   ro code  0x0003011a     0x20  iarwstd.o [7]
  .text                   ro code  0x0003013a     0x22  iarwrite.o [7]
  .text                   ro code  0x0003015c     0x6c  iarttio.o [7]
  .text                   ro code  0x000301c8      0x8  XShttio.o [3]
  .rodata                 const    0x000301d0     0xbc  man_msg.o [1]
  .rodata                 const    0x0003028c     0x78  man_data.o [1]
  .rodata                 const    0x00030304     0x6c  mid_HTTP.o [1]
  .rodata                 const    0x00030370     0x6c  usbd_S1C31W74.o [1]
  .rodata                 const    0x000303dc     0x68  mid_HTTP.o [1]
  .rodata                 const    0x00030444     0x58  man_error.o [1]
  .rodata                 const    0x0003049c     0x58  system_S1C31W74.o [1]
  .rodata                 const    0x000304f4     0x48  man_rpt.o [1]
  .rodata                 const    0x0003053c     0x44  man_msg.o [1]
  .rodata                 const    0x00030580     0x44  usbd_S1C31W74.o [1]
  .rodata                 const    0x000305c4     0x40  ctrl_BQ24160A.o [1]
  .rodata                 const    0x00030604     0x40  man_msg.o [1]
  .rodata                 const    0x00030644     0x40  man_rpt.o [1]
  .rodata                 const    0x00030684     0x40  usbd_S1C31W74.o [1]
  .rodata                 const    0x000306c4     0x3c  man_lte.o [1]
  .text                   ro code  0x00030700     0x3c  zero_init3.o [4]
  .rodata                 const    0x0003073c     0x34  board.o [1]
  .rodata                 const    0x00030770     0x34  man_charge.o [1]
  .rodata                 const    0x000307a4     0x34  man_charge.o [1]
  .rodata                 const    0x000307d8     0x34  man_charge.o [1]
  .rodata                 const    0x0003080c     0x34  man_http.o [1]
  .rodata                 const    0x00030840     0x34  Driver_Flash.o [5]
  .rodata                 const    0x00030874     0x30  se_i2c.o [6]
  .rodata                 const    0x000308a4     0x2c  man_data.o [1]
  .rodata                 const    0x000308d0     0x2c  man_http.o [1]
  .rodata                 const    0x000308fc     0x2c  man_rtc.o [1]
  .rodata                 const    0x00030928     0x28  ctrl_BQ24160A.o [1]
  .rodata                 const    0x00030950     0x28  ctrl_BQ24160A.o [1]
  .rodata                 const    0x00030978     0x28  man_data.o [1]
  .rodata                 const    0x000309a0     0x28  man_error.o [1]
  .rodata                 const    0x000309c8     0x28  man_http.o [1]
  .text                   ro code  0x000309f0     0x28  data_init.o [4]
  .rodata                 const    0x00030a18     0x24  ctrl_BQ24160A.o [1]
  .rodata                 const    0x00030a3c     0x24  ctrl_BQ24160A.o [1]
  .rodata                 const    0x00030a60     0x24  ctrl_BQ24160A.o [1]
  .rodata                 const    0x00030a84     0x24  main.o [1]
  .rodata                 const    0x00030aa8     0x24  man_charge.o [1]
  .text                   ro code  0x00030acc     0x24  fixed.o [1]
  .text                   ro code  0x00030af0     0x24  putchar.o [3]
  .iar.init_table         const    0x00030b14     0x20  - Linker created -
  .rodata                 const    0x00030b34     0x20  man_battery.o [1]
  .rodata                 const    0x00030b54     0x20  man_http.o [1]
  .rodata                 const    0x00030b74     0x20  mid_HTTP.o [1]
  .rodata                 const    0x00030b94     0x1c  gnss_gw_common.o [1]
  .rodata                 const    0x00030bb0     0x1c  man_data.o [1]
  .rodata                 const    0x00030bcc     0x1c  man_press.o [1]
  .rodata                 const    0x00030be8     0x1c  man_usb.o [1]
  .rodata                 const    0x00030c04     0x1c  mid_GPS.o [1]
  .rodata                 const    0x00030c20     0x1c  mid_HTTP.o [1]
  .rodata                 const    0x00030c3c     0x1c  mid_HTTP.o [1]
  .rodata                 const    0x00030c58     0x1c  mid_HTTP.o [1]
  .rodata                 const    0x00030c74     0x1c  mid_HTTP.o [1]
  .rodata                 const    0x00030c90     0x1c  mid_HTTP.o [1]
  .rodata                 const    0x00030cac     0x1c  mid_HTTP.o [1]
  .rodata                 const    0x00030cc8     0x1c  mid_HTTP.o [1]
  .text                   ro code  0x00030ce4     0x1a  cmain.o [4]
  .text                   ro code  0x00030cfe      0x4  low_level_init.o [3]
  .text                   ro code  0x00030d02      0x8  exit.o [3]
  .rodata                 const    0x00030d0a      0x2  ctrl_LSM6DSL.o [1]
  .text                   ro code  0x00030d0c      0xe  cexit.o [4]
  .text                   ro code  0x00030d1a     0x10  xcloseall.o [3]
  .rodata                 const    0x00030d2a      0x2  ctrl_LSM6DSL.o [1]
  .text                   ro code  0x00030d2c     0x14  exit.o [7]
  .rodata                 const    0x00030d40     0x18  man_http.o [1]
  .rodata                 const    0x00030d58     0x18  man_usb.o [1]
  .rodata                 const    0x00030d70     0x18  man_usb.o [1]
  .rodata                 const    0x00030d88     0x18  man_usb.o [1]
  .rodata                 const    0x00030da0     0x18  man_version.o [1]
  .rodata                 const    0x00030db8     0x18  mid_HTTP.o [1]
  .rodata                 const    0x00030dd0     0x18  mid_HTTP.o [1]
  .rodata                 const    0x00030de8     0x18  mid_HTTP.o [1]
  .rodata                 const    0x00030e00     0x18  mid_HTTP.o [1]
  .rodata                 const    0x00030e18     0x18  se_common.o [6]
  .text                   ro code  0x00030e30     0x16  xprout.o [3]
  .rodata                 const    0x00030e46      0x2  ctrl_LSM6DSL.o [1]
  .rodata                 const    0x00030e48     0x14  ctrl_GPIO.o [1]
  .rodata                 const    0x00030e5c     0x14  main.o [1]
  .rodata                 const    0x00030e70     0x14  man_cmd.o [1]
  .rodata                 const    0x00030e84     0x14  man_usb.o [1]
  .rodata                 const    0x00030e98     0x14  mid_HTTP.o [1]
  .rodata                 const    0x00030eac     0x14  mid_HTTP.o [1]
  .rodata                 const    0x00030ec0     0x14  mid_HTTP.o [1]
  .rodata                 const    0x00030ed4     0x14  mid_HTTP.o [1]
  .rodata                 const    0x00030ee8     0x14  mid_HTTP.o [1]
  .rodata                 const    0x00030efc     0x14  mid_HTTP.o [1]
  .rodata                 const    0x00030f10     0x14  mid_HTTP.o [1]
  .rodata                 const    0x00030f24     0x14  mid_HTTP.o [1]
  .rodata                 const    0x00030f38     0x14  mid_HTTP.o [1]
  .rodata                 const    0x00030f4c     0x14  usbd_S1C31W74.o [1]
  .rodata                 const    0x00030f60     0x10  ctrl_GPIO.o [1]
  .rodata                 const    0x00030f70     0x10  drv_gpio.o [1]
  .rodata                 const    0x00030f80     0x10  drv_gpio.o [1]
  .rodata                 const    0x00030f90     0x10  drv_gpio.o [1]
  .rodata                 const    0x00030fa0     0x10  man_cmd.o [1]
  .rodata                 const    0x00030fb0     0x10  man_cmd.o [1]
  .rodata                 const    0x00030fc0     0x10  man_cmd.o [1]
  .rodata                 const    0x00030fd0     0x10  man_cmd.o [1]
  .rodata                 const    0x00030fe0     0x10  man_cmd.o [1]
  .rodata                 const    0x00030ff0     0x10  man_data.o [1]
  .rodata                 const    0x00031000     0x10  man_data.o [1]
  .rodata                 const    0x00031010     0x10  man_http.o [1]
  .rodata                 const    0x00031020     0x10  man_http.o [1]
  .rodata                 const    0x00031030     0x10  mid_GPS.o [1]
  .rodata                 const    0x00031040     0x10  mid_GPS.o [1]
  .rodata                 const    0x00031050     0x10  mid_HTTP.o [1]
  .rodata                 const    0x00031060     0x10  mid_HTTP.o [1]
  .rodata                 const    0x00031070     0x10  mid_HTTP.o [1]
  .rodata                 const    0x00031080     0x10  mid_HTTP.o [1]
  .rodata                 const    0x00031090     0x10  mid_HTTP.o [1]
  .rodata                 const    0x000310a0     0x10  mid_HTTP.o [1]
  .rodata                 const    0x000310b0     0x10  mid_HTTP.o [1]
  .rodata                 const    0x000310c0     0x10  mid_HTTP.o [1]
  .rodata                 const    0x000310d0     0x10  mid_HTTP.o [1]
  .rodata                 const    0x000310e0     0x10  mid_HTTP.o [1]
  .rodata                 const    0x000310f0     0x10  mid_HTTP.o [1]
  .rodata                 const    0x00031100     0x10  mid_HTTP.o [1]
  .rodata                 const    0x00031110     0x10  mid_HTTP.o [1]
  .rodata                 const    0x00031120     0x10  mid_HTTP.o [1]
  .rodata                 const    0x00031130     0x10  mid_HTTP.o [1]
  .rodata                 const    0x00031140     0x10  mid_HTTP.o [1]
  .rodata                 const    0x00031150     0x10  mid_HTTP.o [1]
  .rodata                 const    0x00031160     0x10  mid_HTTP.o [1]
  .rodata                 const    0x00031170     0x10  mid_HTTP.o [1]
  .rodata                 const    0x00031180     0x10  system_S1C31W74.o [1]
  .rodata                 const    0x00031190     0x10  se_rtca.o [6]
  .text                   ro code  0x000311a0     0x10  startup_S1C31W74.o [1]
  .rodata                 const    0x000311b0      0xc  man_cmd.o [1]
  .rodata                 const    0x000311bc      0xc  man_cmd.o [1]
  .rodata                 const    0x000311c8      0xc  man_cmd.o [1]
  .rodata                 const    0x000311d4      0xc  man_cmd.o [1]
  .rodata                 const    0x000311e0      0xc  man_cmd.o [1]
  .rodata                 const    0x000311ec      0xc  man_cmd.o [1]
  .rodata                 const    0x000311f8      0xc  man_cmd.o [1]
  .rodata                 const    0x00031204      0xc  man_cmd.o [1]
  .rodata                 const    0x00031210      0xc  man_cmd.o [1]
  .rodata                 const    0x0003121c      0xc  man_cmd.o [1]
  .rodata                 const    0x00031228      0xc  man_cmd.o [1]
  .rodata                 const    0x00031234      0xc  man_cmd.o [1]
  .rodata                 const    0x00031240      0xc  man_cmd.o [1]
  .rodata                 const    0x0003124c      0xc  man_lte.o [1]
  .rodata                 const    0x00031258      0xc  man_usb.o [1]
  .rodata                 const    0x00031264      0xc  man_usb.o [1]
  .rodata                 const    0x00031270      0xc  man_version.o [1]
  .rodata                 const    0x0003127c      0xc  man_version.o [1]
  .rodata                 const    0x00031288      0xc  mid_GPS.o [1]
  .rodata                 const    0x00031294      0xc  mid_GPS.o [1]
  .rodata                 const    0x000312a0      0xc  mid_GPS.o [1]
  .rodata                 const    0x000312ac      0xc  mid_GPS.o [1]
  .rodata                 const    0x000312b8      0xc  mid_GPS.o [1]
  .rodata                 const    0x000312c4      0xc  mid_GPS.o [1]
  .rodata                 const    0x000312d0      0xc  mid_GPS.o [1]
  .rodata                 const    0x000312dc      0xc  mid_GPS.o [1]
  .rodata                 const    0x000312e8      0xc  mid_GPS.o [1]
  .rodata                 const    0x000312f4      0xc  mid_GPS.o [1]
  .rodata                 const    0x00031300      0xc  mid_GPS.o [1]
  .rodata                 const    0x0003130c      0xc  mid_GPS.o [1]
  .rodata                 const    0x00031318      0xc  mid_GPS.o [1]
  .rodata                 const    0x00031324      0xc  mid_GPS.o [1]
  .rodata                 const    0x00031330      0xc  mid_GPS.o [1]
  .rodata                 const    0x0003133c      0xc  mid_GPS.o [1]
  .rodata                 const    0x00031348      0xc  mid_GPS.o [1]
  .rodata                 const    0x00031354      0xc  mid_GPS.o [1]
  .rodata                 const    0x00031360      0xc  mid_GPS.o [1]
  .rodata                 const    0x0003136c      0xc  mid_GPS.o [1]
  .rodata                 const    0x00031378      0xc  mid_GPS.o [1]
  .rodata                 const    0x00031384      0xc  mid_GPS.o [1]
  .rodata                 const    0x00031390      0xc  mid_GPS.o [1]
  .rodata                 const    0x0003139c      0xc  mid_GPS.o [1]
  .rodata                 const    0x000313a8      0xc  mid_GPS.o [1]
  .rodata                 const    0x000313b4      0xc  mid_GPS.o [1]
  .rodata                 const    0x000313c0      0xc  mid_GPS.o [1]
  .rodata                 const    0x000313cc      0xc  mid_GPS.o [1]
  .rodata                 const    0x000313d8      0xc  mid_GPS.o [1]
  .rodata                 const    0x000313e4      0xc  mid_GPS.o [1]
  .rodata                 const    0x000313f0      0xc  mid_GPS.o [1]
  .rodata                 const    0x000313fc      0xc  mid_GPS.o [1]
  .rodata                 const    0x00031408      0xc  mid_GPS.o [1]
  .rodata                 const    0x00031414      0xc  mid_GPS.o [1]
  .rodata                 const    0x00031420      0xc  mid_GPS.o [1]
  .rodata                 const    0x0003142c      0xc  mid_GPS.o [1]
  .rodata                 const    0x00031438      0xc  mid_HTTP.o [1]
  .rodata                 const    0x00031444      0xc  mid_HTTP.o [1]
  .rodata                 const    0x00031450      0xc  mid_HTTP.o [1]
  .rodata                 const    0x0003145c      0xc  mid_HTTP.o [1]
  .rodata                 const    0x00031468      0xc  mid_HTTP.o [1]
  .rodata                 const    0x00031474      0xc  mid_HTTP.o [1]
  .rodata                 const    0x00031480      0xc  mid_HTTP.o [1]
  .rodata                 const    0x0003148c      0xc  mid_HTTP.o [1]
  .rodata                 const    0x00031498      0xc  mid_HTTP.o [1]
  .rodata                 const    0x000314a4      0xc  mid_HTTP.o [1]
  .rodata                 const    0x000314b0      0xc  mid_HTTP.o [1]
  .rodata                 const    0x000314bc      0xc  mid_HTTP.o [1]
  .rodata                 const    0x000314c8      0xc  mid_HTTP.o [1]
  .rodata                 const    0x000314d4      0xc  mid_HTTP.o [1]
  .rodata                 const    0x000314e0      0xc  mid_HTTP.o [1]
  .rodata                 const    0x000314ec      0xc  mid_HTTP.o [1]
  .rodata                 const    0x000314f8      0xc  mid_HTTP.o [1]
  .rodata                 const    0x00031504      0xc  mid_HTTP.o [1]
  .rodata                 const    0x00031510      0xc  mid_HTTP.o [1]
  .rodata                 const    0x0003151c      0xc  mid_HTTP.o [1]
  .rodata                 const    0x00031528      0xc  mid_HTTP.o [1]
  .rodata                 const    0x00031534      0xc  mid_HTTP.o [1]
  .rodata                 const    0x00031540      0xc  mid_HTTP.o [1]
  .rodata                 const    0x0003154c      0xc  mid_HTTP.o [1]
  .rodata                 const    0x00031558      0xc  mid_HTTP.o [1]
  .rodata                 const    0x00031564      0xc  mid_HTTP.o [1]
  .rodata                 const    0x00031570      0xc  mid_HTTP.o [1]
  .rodata                 const    0x0003157c      0xc  mid_HTTP.o [1]
  .rodata                 const    0x00031588      0xc  mid_HTTP.o [1]
  .rodata                 const    0x00031594      0xc  mid_HTTP.o [1]
  .rodata                 const    0x000315a0      0xc  mid_HTTP.o [1]
  .rodata                 const    0x000315ac      0xc  mid_HTTP.o [1]
  .rodata                 const    0x000315b8      0x8  man_cmd.o [1]
  .rodata                 const    0x000315c0      0x8  man_cmd.o [1]
  .rodata                 const    0x000315c8      0x8  man_cmd.o [1]
  .rodata                 const    0x000315d0      0x8  man_cmd.o [1]
  .rodata                 const    0x000315d8      0x8  man_cmd.o [1]
  .rodata                 const    0x000315e0      0x8  man_cmd.o [1]
  .rodata                 const    0x000315e8      0x8  man_cmd.o [1]
  .rodata                 const    0x000315f0      0x8  man_cmd.o [1]
  .rodata                 const    0x000315f8      0x8  man_cmd.o [1]
  .rodata                 const    0x00031600      0x8  man_cmd.o [1]
  .rodata                 const    0x00031608      0x8  man_cmd.o [1]
  .rodata                 const    0x00031610      0x8  man_cmd.o [1]
  .rodata                 const    0x00031618      0x8  man_error.o [1]
  .rodata                 const    0x00031620      0x8  man_error.o [1]
  .rodata                 const    0x00031628      0x8  man_error.o [1]
  .rodata                 const    0x00031630      0x8  man_error.o [1]
  .rodata                 const    0x00031638      0x8  man_error.o [1]
  .rodata                 const    0x00031640      0x8  man_error.o [1]
  .rodata                 const    0x00031648      0x8  man_error.o [1]
  .rodata                 const    0x00031650      0x8  man_error.o [1]
  .rodata                 const    0x00031658      0x8  man_error.o [1]
  .rodata                 const    0x00031660      0x8  man_error.o [1]
  .rodata                 const    0x00031668      0x8  man_error.o [1]
  .rodata                 const    0x00031670      0x8  man_error.o [1]
  .rodata                 const    0x00031678      0x8  man_error.o [1]
  .rodata                 const    0x00031680      0x8  man_error.o [1]
  .rodata                 const    0x00031688      0x8  man_error.o [1]
  .rodata                 const    0x00031690      0x8  man_error.o [1]
  .rodata                 const    0x00031698      0x8  man_error.o [1]
  .rodata                 const    0x000316a0      0x8  man_error.o [1]
  .rodata                 const    0x000316a8      0x8  man_error.o [1]
  .rodata                 const    0x000316b0      0x8  man_error.o [1]
  .rodata                 const    0x000316b8      0x8  man_error.o [1]
  .rodata                 const    0x000316c0      0x8  man_error.o [1]
  .rodata                 const    0x000316c8      0x8  man_error.o [1]
  .rodata                 const    0x000316d0      0x8  man_error.o [1]
  .rodata                 const    0x000316d8      0x8  man_error.o [1]
  .rodata                 const    0x000316e0      0x8  man_error.o [1]
  .rodata                 const    0x000316e8      0x8  man_error.o [1]
  .rodata                 const    0x000316f0      0x8  man_error.o [1]
  .rodata                 const    0x000316f8      0x8  man_error.o [1]
  .rodata                 const    0x00031700      0x8  man_error.o [1]
  .rodata                 const    0x00031708      0x8  man_error.o [1]
  .rodata                 const    0x00031710      0x8  man_error.o [1]
  .rodata                 const    0x00031718      0x8  man_error.o [1]
  .rodata                 const    0x00031720      0x8  man_error.o [1]
  .rodata                 const    0x00031728      0x8  man_error.o [1]
  .rodata                 const    0x00031730      0x8  man_http.o [1]
  .rodata                 const    0x00031738      0x8  man_usb.o [1]
  .rodata                 const    0x00031740      0x8  man_version.o [1]
  .rodata                 const    0x00031748      0x8  man_version.o [1]
  .rodata                 const    0x00031750      0x8  mid_GPS.o [1]
  .rodata                 const    0x00031758      0x8  mid_GPS.o [1]
  .rodata                 const    0x00031760      0x8  mid_GPS.o [1]
  .rodata                 const    0x00031768      0x8  mid_GPS.o [1]
  .rodata                 const    0x00031770      0x8  mid_GPS.o [1]
  .rodata                 const    0x00031778      0x8  mid_GPS.o [1]
  .rodata                 const    0x00031780      0x8  mid_GPS.o [1]
  .rodata                 const    0x00031788      0x8  mid_GPS.o [1]
  .rodata                 const    0x00031790      0x8  mid_GPS.o [1]
  .rodata                 const    0x00031798      0x8  mid_GPS.o [1]
  .rodata                 const    0x000317a0      0x8  mid_GPS.o [1]
  .rodata                 const    0x000317a8      0x8  mid_HTTP.o [1]
  .rodata                 const    0x000317b0      0x8  mid_HTTP.o [1]
  .rodata                 const    0x000317b8      0x8  mid_HTTP.o [1]
  .rodata                 const    0x000317c0      0x8  mid_HTTP.o [1]
  .rodata                 const    0x000317c8      0x8  mid_HTTP.o [1]
  .rodata                 const    0x000317d0      0x8  mid_HTTP.o [1]
  .rodata                 const    0x000317d8      0x8  mid_HTTP.o [1]
  .rodata                 const    0x000317e0      0x8  mid_HTTP.o [1]
  .rodata                 const    0x000317e8      0x8  mid_HTTP.o [1]
  .rodata                 const    0x000317f0      0x8  mid_HTTP.o [1]
  .rodata                 const    0x000317f8      0x8  mid_HTTP.o [1]
  .rodata                 const    0x00031800      0x8  system_S1C31W74.o [1]
  .rodata                 const    0x00031808      0x8  system_S1C31W74.o [1]
  .text                   ro code  0x00031810      0x8  usbd_S1C31W74.o [1]
  .rodata                 const    0x00031818      0x4  man_error.o [1]
  .rodata                 const    0x0003181c      0x4  man_error.o [1]
  .rodata                 const    0x00031820      0x4  man_usb.o [1]
  .rodata                 const    0x00031824      0x4  mid_HTTP.o [1]
  .rodata                 const    0x00031828      0x4  mid_HTTP.o [1]
  .rodata                 const    0x0003182c      0x4  system_S1C31W74.o [1]
  .rodata                 const    0x00031830      0x4  usbd_S1C31W74.o [1]
  .rodata                 const    0x00031834      0x4  usbd_S1C31W74.o [1]
  .rodata                 const    0x00031838      0x4  usbd_S1C31W74.o [1]
  .rodata                 const    0x0003183c      0x4  usbd_S1C31W74.o [1]
  .rodata                 const    0x00031840      0x4  usbd_S1C31W74.o [1]
  .rodata                 const    0x00031844      0x4  usbd_S1C31W74.o [1]
  .rodata                 const    0x00031848      0x4  usbd_S1C31W74.o [1]
  .rodata                 const    0x0003184c      0x4  usbd_S1C31W74.o [1]
  .rodata                 const    0x00031850      0x2  ctrl_MPL3115A2.o [1]
  .rodata                 const    0x00031852      0x2  ctrl_MPL3115A2.o [1]
  .rodata                 const    0x00031854      0x2  ctrl_MPL3115A2.o [1]
  .rodata                 const    0x00031856      0x2  mid_HTTP.o [1]
  .rodata                 const    0x00031858      0x2  usbd_S1C31W74.o [1]
  .rodata                 const    0x0003185a      0x2  usbd_S1C31W74.o [1]
  .rodata                 const    0x0003185c      0x2  usbd_S1C31W74.o [1]
  .text                   ro code  0x0003185e      0x2  startup_S1C31W74.o [1]
  .text                   ro code  0x00031860      0x2  startup_S1C31W74.o [1]
  .text                   ro code  0x00031862      0x2  startup_S1C31W74.o [1]
  .text                   ro code  0x00031864      0x2  startup_S1C31W74.o [1]
  .text                   ro code  0x00031866      0x2  startup_S1C31W74.o [1]
  .text                   ro code  0x00031868      0x2  startup_S1C31W74.o [1]
  .text                   ro code  0x0003186a      0x2  startup_S1C31W74.o [1]
  .text                   ro code  0x0003186c      0x2  startup_S1C31W74.o [1]
  .text                   ro code  0x0003186e      0x2  startup_S1C31W74.o [1]
  .text                   ro code  0x00031870      0x2  startup_S1C31W74.o [1]
  .text                   ro code  0x00031872      0x2  startup_S1C31W74.o [1]
  .text                   ro code  0x00031874      0x2  startup_S1C31W74.o [1]
  .text                   ro code  0x00031876      0x2  startup_S1C31W74.o [1]
  .text                   ro code  0x00031878      0x2  startup_S1C31W74.o [1]
  .text                   ro code  0x0003187a      0x2  startup_S1C31W74.o [1]
  .text                   ro code  0x0003187c      0x2  startup_S1C31W74.o [1]
  .text                   ro code  0x0003187e      0x2  startup_S1C31W74.o [1]
  .text                   ro code  0x00031880      0x2  startup_S1C31W74.o [1]
  .text                   ro code  0x00031882      0x2  startup_S1C31W74.o [1]
  .text                   ro code  0x00031884      0x2  startup_S1C31W74.o [1]
  .text                   ro code  0x00031886      0x2  startup_S1C31W74.o [1]
  .text                   ro code  0x00031888      0x2  startup_S1C31W74.o [1]
  .text                   ro code  0x0003188a      0x2  startup_S1C31W74.o [1]
  .rodata                 const    0x0003188c      0x1  board.o [1]
  .rodata                 const    0x0003188d      0x1  board.o [1]
  .rodata                 const    0x0003188e      0x1  board.o [1]
  .rodata                 const    0x0003188f      0x1  board.o [1]
  .rodata                 const    0x00031890      0x1  ctrl_BQ28Z610.o [1]
  .rodata                 const    0x00031891      0x1  ctrl_BQ28Z610.o [1]
  .rodata                 const    0x00031892      0x1  ctrl_LSM6DSL.o [1]
  .rodata                 const    0x00031893      0x1  ctrl_LSM6DSL.o [1]
  .rodata                 const    0x00031894      0x1  ctrl_MPL3115A2.o [1]
  .rodata                 const    0x00031895      0x1  ctrl_MPL3115A2.o [1]
  .rodata                 const    0x00031896      0x1  ctrl_MPL3115A2.o [1]
  .rodata                 const    0x00031897      0x1  ctrl_MPL3115A2.o [1]
  .rodata                 const    0x00031898      0x1  system_S1C31W74.o [1]
  .rodata                 const    0x00031899      0x1  usbd_S1C31W74.o [1]
  .rodata                 const    0x0003189a      0x1  usbd_S1C31W74.o [1]
  .rodata                 const    0x0003189b      0x1  usbd_S1C31W74.o [1]
  .rodata                 const    0x0003189c      0x1  usbd_S1C31W74.o [1]
  .rodata                 const    0x0003189d      0x1  usbd_S1C31W74.o [1]
  .rodata                 const    0x0003189e      0x1  usbd_S1C31W74.o [1]
  .rodata                 const    0x0003189f      0x1  usbd_S1C31W74.o [1]
  .rodata                 const    0x000318a0      0x1  usbd_S1C31W74.o [1]
  .rodata                 const    0x000318a1      0x1  usbd_S1C31W74.o [1]
  .rodata                 const    0x000318a2      0x1  usbd_S1C31W74.o [1]
  .rodata                 const    0x000318a3      0x1  usbd_S1C31W74.o [1]
  .rodata                 const    0x000318a4      0x1  usbd_S1C31W74.o [1]
  .text                   ro code  0x000318a8      0x0  cstart_closeall.o [4]
  .rodata                 const    0x000318a8      0x0  zero_init3.o [4]
  .rodata                 const    0x000318a8      0x0  lz77_init_single.o [4]
  Initializer bytes       const    0x000318a8    0x15c  <for P4-P5-1>
                                 - 0x00031a04  0x218f4

"P4-P5", part 1 of 3:                            0x6d8
  .flash_common_text               0x20000020    0x50c  <Block>
    .flash_common_text-1           0x20000020    0x50c  <Init block>
      .flash_common_text  inited   0x20000020    0x50c  FlashS1C31W74.o [5]
  P4-P5-1                          0x2000052c    0x1cc  <Init block>
    .data                 inited   0x2000052c      0xc  board.o [1]
    .data                 inited   0x20000538      0xc  board.o [1]
    .data                 inited   0x20000544     0x18  board.o [1]
    .data                 inited   0x2000055c      0x8  board.o [1]
    .data                 inited   0x20000564      0xc  board.o [1]
    .data                 inited   0x20000570      0xc  board.o [1]
    .data                 inited   0x2000057c     0x24  man_data.o [1]
    .data                 inited   0x200005a0     0x7c  man_error.o [1]
    .data                 inited   0x2000061c     0x2c  man_error.o [1]
    .data                 inited   0x20000648     0x18  man_error.o [1]
    .data                 inited   0x20000660      0x8  man_rtc.o [1]
    .data                 inited   0x20000668      0x4  system_S1C31W74.o [1]
    .data                 inited   0x2000066c      0x4  se_clg.o [6]
    .data                 inited   0x20000670     0x48  FlashS1C31W74.o [5]
    .data                 inited   0x200006b8      0x8  FlashS1C31W74.o [5]
    .data                 inited   0x200006c0     0x10  FlashS1C31W74.o [5]
    .data                 inited   0x200006d0      0xc  FlashS1C31W74.o [5]
    .data                 inited   0x200006dc      0xc  FlashS1C31W74.o [5]
    .data                 inited   0x200006e8      0x8  XShttio.o [3]
    __DLIB_PERTHREAD      inited   0x200006f0      0x4  errno.o [3]
    .data                 inited   0x200006f4      0x1  ctrl_BQ24160A.o [1]
    .data                 inited   0x200006f5      0x1  ctrl_BQ28Z610.o [1]
    .data                 inited   0x200006f6      0x1  ctrl_LSM6DSL.o [1]
    .data                 inited   0x200006f7      0x1  ctrl_MPL3115A2.o [1]
                                 - 0x200006f8    0x6d8

"P4-P5", part 2 of 3:                              0x6
  .noinit                 uninit   0x200006f8      0x6  FlashS1C31W74.o [5]
                                 - 0x200006fe      0x6

"P4-P5", part 3 of 3:                          0x1ce78
  .bss                    zero     0x20000700   0x6524  man_msg.o [1]
  .bss                    zero     0x20006c24   0x38bc  man_error.o [1]
  .bss                    zero     0x2000a4e0   0x38ac  man_data.o [1]
  .bss                    zero     0x2000dd8c   0x2388  main.o [1]
  .bss                    zero     0x20010114   0x1e08  mid_HTTP.o [1]
  .bss                    zero     0x20011f1c   0x16b8  man_rpt.o [1]
  .bss                    zero     0x200135d4   0x158c  drv_uart2_0.o [1]
  .bss                    zero     0x20014b60   0x14f8  man_usb.o [1]
  .bss                    zero     0x20016058   0x1474  ctrl_SM7500JE.o [1]
  .bss                    zero     0x200174cc   0x1178  ctrl_CXD5600GF.o [1]
  .bss                    zero     0x20018644   0x1014  ctrl_USB.o [1]
  .bss                    zero     0x20019658    0x810  drv_uart2_1.o [1]
  .bss                    zero     0x20019e68    0x800  man_memory.o [1]
  .bss                    zero     0x2001a668    0x800  usbd_S1C31W74.o [1]
  .bss                    zero     0x2001ae68    0x800  usbd_S1C31W74.o [1]
  .bss                    zero     0x2001b668    0x694  man_http.o [1]
  .bss                    zero     0x2001bcfc    0x65c  man_cmd.o [1]
  .bss                    zero     0x2001c358    0x328  man_ota.o [1]
  .bss                    zero     0x2001c680    0x2a0  man_usb.o [1]
  .bss                    zero     0x2001c920    0x20c  man_ope.o [1]
  .bss                    zero     0x2001cb2c    0x190  man_timer.o [1]
  .bss                    zero     0x2001ccbc    0x160  man_gps.o [1]
  .bss                    zero     0x2001ce1c    0x10c  man_lte.o [1]
  .bss                    zero     0x2001cf28    0x10c  man_net.o [1]
  .bss                    zero     0x2001d034     0x80  main.o [1]
  .bss                    zero     0x2001d0b4     0x6c  man_rtc.o [1]
  .bss                    zero     0x2001d120     0x64  man_gyro.o [1]
  .bss                    zero     0x2001d184     0x54  mid_GPS.o [1]
  .bss                    zero     0x2001d1d8     0x54  xxwritebuffered.o [3]
  .bss                    zero     0x2001d22c     0x40  ctrl_BQ24160A.o [1]
  .bss                    zero     0x2001d26c     0x40  man_battery.o [1]
  .bss                    zero     0x2001d2ac     0x40  man_charge.o [1]
  .bss                    zero     0x2001d2ec     0x40  usbd_S1C31W74.o [1]
  .bss                    zero     0x2001d32c     0x34  man_charge.o [1]
  .bss                    zero     0x2001d360     0x20  man_flash.o [1]
  .bss                    zero     0x2001d380     0x20  man_press.o [1]
  .bss                    zero     0x2001d3a0     0x20  mid_HTTP.o [1]
  .bss                    zero     0x2001d3c0     0x20  se_pport.o [6]
  .bss                    zero     0x2001d3e0     0x1c  drv_t16_3.o [1]
  .bss                    zero     0x2001d3fc     0x14  main.o [1]
  .bss                    zero     0x2001d410     0x14  man_battery.o [1]
  .bss                    zero     0x2001d424     0x14  man_gpio.o [1]
  .bss                    zero     0x2001d438     0x10  main.o [1]
  .bss                    zero     0x2001d448      0xc  drv_i2c_0.o [1]
  .bss                    zero     0x2001d454      0xc  drv_i2c_1.o [1]
  .bss                    zero     0x2001d460      0xc  main.o [1]
  .bss                    zero     0x2001d46c      0x8  drv_spi_0.o [1]
  .bss                    zero     0x2001d474      0x8  drv_spi_0.o [1]
  .bss                    zero     0x2001d47c      0x8  drv_t16_3.o [1]
  .bss                    zero     0x2001d484      0x8  drv_uart2_0.o [1]
  .bss                    zero     0x2001d48c      0x8  drv_uart2_1.o [1]
  .bss                    zero     0x2001d494      0x8  drv_usbd_user_cdc_acm.o [1]
  .bss                    zero     0x2001d49c      0x8  drv_wdt.o [1]
  .bss                    zero     0x2001d4a4      0x8  gnss_gw_common.o [1]
  .bss                    zero     0x2001d4ac      0x8  gnss_gw_common.o [1]
  .bss                    zero     0x2001d4b4      0x8  usbd_cdc_acm.o [1]
  .bss                    zero     0x2001d4bc      0x8  usbd_core.o [1]
  .bss                    zero     0x2001d4c4      0x8  usbd_core.o [1]
  .bss                    zero     0x2001d4cc      0x4  ctrl_BQ24160A.o [1]
  .bss                    zero     0x2001d4d0      0x4  ctrl_BQ24160A.o [1]
  .bss                    zero     0x2001d4d4      0x4  ctrl_BQ24160A.o [1]
  .bss                    zero     0x2001d4d8      0x4  drv_i2c_0.o [1]
  .bss                    zero     0x2001d4dc      0x4  drv_i2c_1.o [1]
  .bss                    zero     0x2001d4e0      0x4  drv_rtc.o [1]
  .bss                    zero     0x2001d4e4      0x4  drv_usb_main.o [1]
  .bss                    zero     0x2001d4e8      0x4  main.o [1]
  .bss                    zero     0x2001d4ec      0x4  man_press.o [1]
  .bss                    zero     0x2001d4f0      0x4  man_press.o [1]
  .bss                    zero     0x2001d4f4      0x4  man_press.o [1]
  .bss                    zero     0x2001d4f8      0x4  man_press.o [1]
  .bss                    zero     0x2001d4fc      0x4  man_usb.o [1]
  .bss                    zero     0x2001d500      0x4  man_usb.o [1]
  .bss                    zero     0x2001d504      0x4  system_S1C31W74.o [1]
  .bss                    zero     0x2001d508      0x4  usbd_cdc_acm.o [1]
  .bss                    zero     0x2001d50c      0x4  usbd_cdc_acm.o [1]
  .bss                    zero     0x2001d510      0x4  usbd_cdc_acm.o [1]
  .bss                    zero     0x2001d514      0x4  usbd_cdc_acm.o [1]
  .bss                    zero     0x2001d518      0x4  usbd_cdc_acm.o [1]
  .bss                    zero     0x2001d51c      0x4  usbd_cdc_acm.o [1]
  .bss                    zero     0x2001d520      0x4  usbd_cdc_acm.o [1]
  .bss                    zero     0x2001d524      0x4  usbd_cdc_acm.o [1]
  .bss                    zero     0x2001d528      0x4  usbd_cdc_acm.o [1]
  .bss                    zero     0x2001d52c      0x4  usbd_cdc_acm.o [1]
  .bss                    zero     0x2001d530      0x4  usbd_cdc_acm.o [1]
  .bss                    zero     0x2001d534      0x4  usbd_cdc_acm.o [1]
  .bss                    zero     0x2001d538      0x4  usbd_cdc_acm.o [1]
  .bss                    zero     0x2001d53c      0x4  usbd_core.o [1]
  .bss                    zero     0x2001d540      0x4  usbd_core.o [1]
  .bss                    zero     0x2001d544      0x4  usbd_core.o [1]
  .bss                    zero     0x2001d548      0x4  usbd_S1C31W74.o [1]
  .bss                    zero     0x2001d54c      0x4  usbd_S1C31W74.o [1]
  .bss                    zero     0x2001d550      0x4  se_usb.o [6]
  .bss                    zero     0x2001d554      0x4  Driver_Flash.o [5]
  .bss                    zero     0x2001d558      0x2  drv_clg.o [1]
  .bss                    zero     0x2001d55a      0x2  drv_clg.o [1]
  .bss                    zero     0x2001d55c      0x2  drv_clg.o [1]
  .bss                    zero     0x2001d55e      0x2  drv_clg.o [1]
  .bss                    zero     0x2001d560      0x2  drv_clg.o [1]
  .bss                    zero     0x2001d562      0x2  drv_clg.o [1]
  .bss                    zero     0x2001d564      0x2  usbd_cdc_acm.o [1]
  .bss                    zero     0x2001d566      0x2  usbd_core.o [1]
  .bss                    zero     0x2001d568      0x2  usbd_S1C31W74.o [1]
  .bss                    zero     0x2001d56a      0x2  usbd_S1C31W74.o [1]
  .bss                    zero     0x2001d56c      0x2  usbd_S1C31W74.o [1]
  .bss                    zero     0x2001d56e      0x1  main.o [1]
  .bss                    zero     0x2001d56f      0x1  usbd_cdc_acm.o [1]
  .bss                    zero     0x2001d570      0x1  usbd_core.o [1]
  .bss                    zero     0x2001d571      0x1  usbd_core.o [1]
  .bss                    zero     0x2001d572      0x1  usbd_core.o [1]
  .bss                    zero     0x2001d573      0x1  usbd_core.o [1]
  .bss                    zero     0x2001d574      0x1  usbd_core.o [1]
                                 - 0x2001d575  0x1ce75

"P6":                                           0x1000
  CSTACK                           0x2001ec00   0x1000  <Block>
    CSTACK                uninit   0x2001ec00   0x1000  <Block tail>
                                 - 0x2001fc00   0x1000


*******************************************************************************
*** INIT TABLE
***

          Address     Size
          -------     ----
Zero (__iar_zero_init3)
    1 destination range, total size 0x1ce75:
          0x20000700  0x1ce75

Copy/lz77 (__iar_lz77_init_single3)
    1 source range, total size 0x15c (75% of destination):
          0x000318a8    0x15c
    1 destination range, total size 0x1cc:
          0x2000052c    0x1cc



*******************************************************************************
*** MODULE SUMMARY
***

    Module                   ro code  rw code  ro data  rw data
    ------                   -------  -------  -------  -------
C:\GNSS\Software\rJ105\source\GNSS_GW\board\S5U1C31W74T1\IAR\DebugFlash\Obj: [1]
    board.o                      148               116       80
    ctrl_BQ24160A.o            1 378               275       77
    ctrl_BQ28Z610.o              340                 5        1
    ctrl_CXD5600GF.o           4 204                      4 472
    ctrl_GPIO.o                   68                36
    ctrl_I2C0.o                   36
    ctrl_I2C1.o                   12
    ctrl_LSM6DSL.o               612                 9        1
    ctrl_MPL3115A2.o             764                11        1
    ctrl_SLEEP.o                  48
    ctrl_SM7500JE.o            2 416                      5 236
    ctrl_USB.o                   292                      4 116
    ctrl_W25Q.o                  450
    drv_clg.o                  1 852                         12
    drv_flash.o                  104
    drv_gpio.o                   598                48
    drv_i2c_0.o                  336                         16
    drv_i2c_1.o                  288                         16
    drv_rtc.o                    206                          4
    drv_spi_0.o                  292                         16
    drv_t16_3.o                  520                         36
    drv_uart2_0.o                680                      5 524
    drv_uart2_1.o                668                      2 072
    drv_usb_main.o               218                          4
    drv_usbd_user_cdc_acm.o      128                          8
    drv_wdt.o                    176                          8
    fixed.o                       36
    gnss_gw_common.o             494                28       16
    main.o                     1 416                56    9 277
    man_battery.o                292                32       84
    man_charge.o                 882               192      116
    man_cmd.o                 10 164             1 232    1 628
    man_data.o                 2 408               771   14 544
    man_error.o                1 156               562   14 716
    man_flash.o                  502                         32
    man_gpio.o                   612                         20
    man_gps.o                  4 988                        352
    man_gyro.o                   464                        100
    man_http.o                 5 244               232    1 684
    man_lte.o                  4 940                72      268
    man_memory.o                   8                      2 048
    man_msg.o                  4 596               320   25 892
    man_net.o                  4 364                        268
    man_ope.o                  6 392               408      524
    man_ota.o                 13 872                        808
    man_press.o                  508                28       48
    man_rpt.o                  4 436               136    5 816
    man_rtc.o                    368                50      116
    man_timer.o                  516                        400
    man_usb.o                  1 756               156    6 048
    man_version.o                 48                64
    mid_GPS.o                  3 832             1 668       84
    mid_HTTP.o                11 268             3 294    7 720
    startup_S1C31W74.o           218
    system_S1C31W74.o            232               128        8
    usbd_S1C31W74.o            2 292               310    4 174
    usbd_cdc_acm.o             1 444                         63
    usbd_core.o                2 832                         35
    usbd_core_cdc.o              432
    -----------------------------------------------------------
    Total:                   109 846            10 239  118 589

command line: [2]
    -----------------------------------------------------------
    Total:

dl6M_tln.a: [3]
    XShttio.o                      8                 6        8
    abs.o                          8
    atoi.o                        12
    errno.o                       16                 3        4
    exit.o                         8
    low_level_init.o               4
    printf.o                      36
    putchar.o                     36
    sprintf.o                     56
    xcloseall.o                   16
    xprintfsmall_nomb.o        1 324
    xprout.o                      22
    xsprout.o                     10
    xstoul.o                     384
    xtls.o                         2
    xxwritebuffered.o            204                         84
    -----------------------------------------------------------
    Total:                     2 146                 9       96

rt6M_tl.a: [4]
    ABImemcpy.o                   92
    ABImemset.o                   84
    I32DivModFast.o              224
    IntDivZer.o                    2
    cexit.o                       14
    cmain.o                       26
    cstart_closeall.o
    cstartup_M.o                  12
    data_init.o                   40
    lz77_init_single.o           126
    memchr.o                      24
    memcmp.o                      40
    strchr.o                      20
    strcpy.o                      16
    strlen.o                      16
    uread4.o                      22
    uwrite4.o                     20
    zero_init3.o                  60
    -----------------------------------------------------------
    Total:                       838

seFlashLibraryS1C31W74Int.a: [5]
    Driver_Flash.o               220                52        4
    FlashS1C31W74.o              176    1 292    1 382      126
    -----------------------------------------------------------
    Total:                       396    1 292    1 434      130

sePeriphLibrary.a: [6]
    se_clg.o                   1 152                 3        4
    se_common.o                   32                24
    se_i2c.o                   1 288                48
    se_pport.o                 1 140                         32
    se_rtca.o                  1 904                16
    se_spia.o                    910
    se_svd2.o                    572
    se_t16.o                     570
    se_uart2.o                   774
    se_usb.o                   3 388                          4
    se_wdt2.o                    592
    -----------------------------------------------------------
    Total:                    12 322                91       40

shb_l.a: [7]
    dwrite.o                      30
    exit.o                        20
    iarttio.o                    108
    iarwrite.o                    34
    iarwstd.o                     32
    -----------------------------------------------------------
    Total:                       224

    Gaps                           3
    Linker created                48                32    4 096
---------------------------------------------------------------
    Grand Total:             125 823    1 292   11 805  122 951


*******************************************************************************
*** ENTRY LIST
***

Entry                      Address    Size  Type      Object
-----                      -------    ----  ----      ------
.flash_common_text$$Base
                        0x20000020           --   Gb  - Linker created -
.flash_common_text$$Limit
                        0x2000052c           --   Gb  - Linker created -
.flash_common_text_init$$Base
                        0x0002ee40           --   Gb  - Linker created -
.flash_common_text_init$$Length
                        0x0000050c           --   Gb  - Linker created -
.flash_common_text_init$$Limit
                        0x0002f34c           --   Gb  - Linker created -
.iar.init_table$$Base   0x00030b14           --   Gb  - Linker created -
.iar.init_table$$Limit  0x00030b34           --   Gb  - Linker created -
?main                   0x00030ce5          Code  Gb  cmain.o [4]
ARM_Flash_EraseChip     0x0002ff47     0x6  Code  Gb  Driver_Flash.o [5]
ARM_Flash_EraseSector   0x0002ff15    0x32  Code  Gb  Driver_Flash.o [5]
ARM_Flash_GetCapabilities
                        0x0002fead     0x6  Code  Gb  Driver_Flash.o [5]
ARM_Flash_GetInfo       0x0002ff5d     0x4  Code  Gb  Driver_Flash.o [5]
ARM_Flash_GetStatus     0x0002ff4d     0x6  Code  Gb  Driver_Flash.o [5]
ARM_Flash_GetVersion    0x0002fea5     0x6  Code  Gb  Driver_Flash.o [5]
ARM_Flash_Initialize    0x0002feb3     0xc  Code  Gb  Driver_Flash.o [5]
ARM_Flash_PowerControl  0x0002fec9     0x6  Code  Gb  Driver_Flash.o [5]
ARM_Flash_ProgramData   0x0002fef5    0x20  Code  Gb  Driver_Flash.o [5]
ARM_Flash_ReadData      0x0002fecf    0x26  Code  Gb  Driver_Flash.o [5]
ARM_Flash_Uninitialize  0x0002febf     0xa  Code  Gb  Driver_Flash.o [5]
AlarmOccured            0x2001d558     0x2  Data  Lc  drv_clg.o [1]
BQ24160A_set_batt_reg   0x00028075    0x56  Code  Lc  ctrl_BQ24160A.o [1]
BQ24160A_set_charge_reg
                        0x000280cb    0x56  Code  Lc  ctrl_BQ24160A.o [1]
BQ24160A_set_ctrl_reg   0x00027edd    0x88  Code  Lc  ctrl_BQ24160A.o [1]
BQ24160A_set_ctrl_reg_charge_disable
                        0x00027fed    0x88  Code  Lc  ctrl_BQ24160A.o [1]
BQ24160A_set_ctrl_reg_teoff
                        0x00027f65    0x88  Code  Lc  ctrl_BQ24160A.o [1]
BQ24160A_set_ctrl_wdt   0x00028389    0x34  Code  Gb  ctrl_BQ24160A.o [1]
BQ24160A_set_dppm_reg   0x00028129    0x56  Code  Lc  ctrl_BQ24160A.o [1]
BQ24160A_set_safety_reg
                        0x0002818d    0x56  Code  Lc  ctrl_BQ24160A.o [1]
BoardInit               0x00028ae9    0x7c  Code  Gb  board.o [1]
CSTACK$$Base            0x2001ec00           --   Gb  - Linker created -
CSTACK$$Limit           0x2001fc00           --   Gb  - Linker created -
CXD5600_console         0x00023849    0x92  Code  Gb  man_cmd.o [1]
CXD5600_reset           0x000238dd    0x40  Code  Gb  man_cmd.o [1]
CellWriteMain           0x200001dd    0xec  Code  Gb  FlashS1C31W74.o [5]
ClkSrc                  0x2001d56e     0x1  Data  Gb  main.o [1]
ConfigurePortsForI2C    0x0002b6b1    0x5c  Code  Gb  se_i2c.o [6]
ConfigurePortsForOSC3   0x00025fdd    0x24  Code  Gb  se_clg.o [6]
ConfigurePortsForSPI    0x0002b147    0xbc  Code  Gb  se_spia.o [6]
ConfigurePortsForSVD2   0x0002cf5b    0x16  Code  Gb  se_svd2.o [6]
ConfigurePortsForUart   0x0002d20d    0x6a  Code  Gb  se_uart2.o [6]
DriverCapabilities      0x0002ff7c     0x4  Data  Lc  Driver_Flash.o [5]
DriverVersion           0x0002ff78     0x4  Data  Lc  Driver_Flash.o [5]
Driver_Flash            0x00030848    0x2c  Data  Gb  Driver_Flash.o [5]
EraseArea               0x20000694     0xc  Data  Gb  FlashS1C31W74.o [5]
EraseVerifyArea         0x200006a0     0xc  Data  Gb  FlashS1C31W74.o [5]
FLASH_SECTOR_INFO       0x00030840     0x8  Data  Lc  Driver_Flash.o [5]
FlashFinalize           0x0002ffd7    0x36  Code  Gb  FlashS1C31W74.o [5]
FlashInfo               0x0002ff60    0x18  Data  Lc  Driver_Flash.o [5]
FlashInitialize         0x0002ff81    0x56  Code  Gb  FlashS1C31W74.o [5]
FlashStatus             0x2001d554     0x4  Data  Lc  Driver_Flash.o [5]
FuseErase               0x20000439    0x26  Code  Gb  FlashS1C31W74.o [5]
FuseEraseArea           0x200006d0     0xc  Data  Gb  FlashS1C31W74.o [5]
FuseMain                0x20000351    0xe8  Code  Gb  FlashS1C31W74.o [5]
FuseProgramArea         0x200006dc     0xc  Data  Gb  FlashS1C31W74.o [5]
FuseRead                0x20000461    0x4e  Code  Gb  FlashS1C31W74.o [5]
FuseRegistry            0x20000339    0x16  Code  Gb  FlashS1C31W74.o [5]
FuseWrite               0x200004af    0x44  Code  Gb  FlashS1C31W74.o [5]
I2C_CH0                 0x2000052c     0xc  Data  Gb  board.o [1]
I2C_CH1                 0x20000538     0xc  Data  Gb  board.o [1]
InitStruct              0x2001d448     0xc  Data  Lc  drv_i2c_0.o [1]
InitStruct              0x2001d454     0xc  Data  Lc  drv_i2c_1.o [1]
InitStruct              0x2001d4e0     0x4  Data  Lc  drv_rtc.o [1]
InitStruct              0x2001d484     0x8  Data  Lc  drv_uart2_0.o [1]
InitStruct              0x2001d48c     0x8  Data  Lc  drv_uart2_1.o [1]
LSM6DSL_ctrl1           0x00028b7d    0x34  Code  Lc  ctrl_LSM6DSL.o [1]
LSM6DSL_ctrl2           0x00028bb1    0x34  Code  Lc  ctrl_LSM6DSL.o [1]
LSM6DSL_int1_ctrl       0x00028be5    0x34  Code  Lc  ctrl_LSM6DSL.o [1]
LSM6DSL_read_data_status
                        0x00028c19    0x5e  Code  Lc  ctrl_LSM6DSL.o [1]
LoadInt                 0x00028841    0x4c  Code  Lc  xprintfsmall_nomb.o [3]
MPL3115A2_pt_data_cfg   0x00021f95    0x34  Code  Lc  ctrl_MPL3115A2.o [1]
MPL3115A2_read_data_status
                        0x00021fc9    0x5c  Code  Lc  ctrl_MPL3115A2.o [1]
NMI_Handler             0x00021f8d     0x8  Code  Gb  drv_wdt.o [1]
NVIC_ClearPendingIRQ    0x0002c491    0x16  Code  Lc  usbd_S1C31W74.o [1]
NVIC_DisableIRQ         0x00029b61    0x16  Code  Lc  drv_clg.o [1]
NVIC_DisableIRQ         0x0002c47b    0x16  Code  Lc  usbd_S1C31W74.o [1]
NVIC_EnableIRQ          0x00029b2d    0x16  Code  Lc  drv_clg.o [1]
NVIC_EnableIRQ          0x00021c0d    0x16  Code  Lc  drv_t16_3.o [1]
NVIC_EnableIRQ          0x0002a389    0x16  Code  Lc  drv_uart2_0.o [1]
NVIC_EnableIRQ          0x0002a70d    0x16  Code  Lc  drv_uart2_1.o [1]
NVIC_EnableIRQ          0x0002c465    0x16  Code  Lc  usbd_S1C31W74.o [1]
NVIC_EnableIRQ          0x0002b70d    0x16  Code  Lc  se_usb.o [6]
NVIC_GetEnableIRQ       0x00029b43    0x1e  Code  Lc  drv_clg.o [1]
NVIC_SetPriority        0x00029b77    0x84  Code  Lc  drv_clg.o [1]
NVIC_SetPriority        0x00021c23    0x84  Code  Lc  drv_t16_3.o [1]
NVIC_SetPriority        0x0002a39f    0x84  Code  Lc  drv_uart2_0.o [1]
NVIC_SetPriority        0x0002a723    0x84  Code  Lc  drv_uart2_1.o [1]
NVIC_SetPriority        0x0002c4a7    0x84  Code  Lc  usbd_S1C31W74.o [1]
NVIC_SetPriority        0x0002b723    0x84  Code  Lc  se_usb.o [6]
NmiIntOccured           0x2001d562     0x2  Data  Lc  drv_clg.o [1]
OSC3INV_val             0x2000066c     0x4  Data  Gb  se_clg.o [6]
OSC3_ALTFUNC            0x0003188d     0x1  Data  Gb  board.o [1]
OSC3_PORTID             0x0003188c     0x1  Data  Gb  board.o [1]
OSC4_ALTFUNC            0x0003188f     0x1  Data  Gb  board.o [1]
OSC4_PORTID             0x0003188e     0x1  Data  Gb  board.o [1]
PORT_IRQHandler         0x0002a18d    0x8c  Code  Gb  drv_clg.o [1]
PRG_main                0x00018735   0x1d4  Code  Gb  main.o [1]
PreProgramArea          0x2000067c     0xc  Data  Gb  FlashS1C31W74.o [5]
Process                 0x200000ad    0x26  Code  Gb  FlashS1C31W74.o [5]
ProgramArea             0x20000688     0xc  Data  Gb  FlashS1C31W74.o [5]
ProgramReadVerify       0x200006ac     0xc  Data  Gb  FlashS1C31W74.o [5]
RTCA_IRQHandler         0x0002a221    0x22  Code  Gb  drv_clg.o [1]
Region$$Table$$Base     0x00030b14           --   Gb  - Linker created -
Region$$Table$$Limit    0x00030b34           --   Gb  - Linker created -
Revision_number         0x00031748     0x8  Data  Gb  man_version.o [1]
SIM7500_cfotaswitch     0x000237fb    0x4c  Code  Gb  man_cmd.o [1]
SIM7500_console         0x0002368d    0x6e  Code  Gb  man_cmd.o [1]
SIM7500_set_date_time   0x00023701    0xfa  Code  Gb  man_cmd.o [1]
SPIA_CH0                0x20000544    0x18  Data  Gb  board.o [1]
SPI_InitStruct          0x2001d474     0x8  Data  Lc  drv_spi_0.o [1]
SVD2_1_IRQHandler       0x0002cb35    0x3a  Code  Gb  usbd_S1C31W74.o [1]
SVD2_CH1                0x2000055c     0x8  Data  Gb  board.o [1]
SectorEraseMain         0x200000d3   0x10a  Code  Gb  FlashS1C31W74.o [5]
SequenceRun             0x2000006b    0x42  Code  Gb  FlashS1C31W74.o [5]
SetFuseEraseTimeTable   0x20000021    0x26  Code  Gb  FlashS1C31W74.o [5]
SetPINwithWait          0x200002d1    0x40  Code  Gb  FlashS1C31W74.o [5]
SetWriteTimeTable       0x20000047    0x24  Code  Gb  FlashS1C31W74.o [5]
StartIosc               0x00025e95    0x42  Code  Lc  se_clg.o [6]
StartOsc1               0x00025d8b    0x7a  Code  Lc  se_clg.o [6]
StartOsc3               0x00025e09    0x84  Code  Lc  se_clg.o [6]
SwitchSysClkIosc        0x00025f45    0x48  Code  Lc  se_clg.o [6]
SwitchSysClkOsc1        0x00025ef5    0x50  Code  Lc  se_clg.o [6]
SwitchSysClkOsc3        0x00025f8d    0x50  Code  Lc  se_clg.o [6]
SysClk                  0x2001d4e8     0x4  Data  Gb  main.o [1]
SysTick_Handler         0x0002023d     0xc  Code  Gb  system_S1C31W74.o [1]
SystemCoreClock         0x20000668     0x4  Data  Gb  system_S1C31W74.o [1]
SystemCoreClockUpdate   0x0002017d     0xc  Code  Gb  system_S1C31W74.o [1]
SystemInit              0x00020189     0xe  Code  Gb  system_S1C31W74.o [1]
T16_3_IRQHandler        0x00021d71    0x80  Code  Gb  drv_t16_3.o [1]
T16_InitStruct          0x2001d46c     0x8  Data  Lc  drv_spi_0.o [1]
T16_InitStruct          0x2001d47c     0x8  Data  Lc  drv_t16_3.o [1]
TBL2_BLOCK$$Base        0x00010100           --   Gb  - Linker created -
TBL2_BLOCK$$Limit       0x0001010c           --   Gb  - Linker created -
UART2_0_CheckErrorCount
                        0x0002a563     0xc  Code  Gb  drv_uart2_0.o [1]
UART2_0_GetChar         0x0002a515    0x4e  Code  Gb  drv_uart2_0.o [1]
UART2_0_IRQHandler      0x0002a56f    0x74  Code  Gb  drv_uart2_0.o [1]
UART2_1_GetChar         0x0002a89b    0x50  Code  Gb  drv_uart2_1.o [1]
UART2_1_IRQHandler      0x0002a8eb    0x78  Code  Gb  drv_uart2_1.o [1]
UART2_CH0               0x20000564     0xc  Data  Gb  board.o [1]
UART2_CH1               0x20000570     0xc  Data  Gb  board.o [1]
UART_Config             0x2001d494     0x8  Data  Gb  drv_usbd_user_cdc_acm.o [1]
USBD_AltSetting         0x2001d568     0x2  Data  Gb  usbd_S1C31W74.o [1]
USBD_CDC_ACM_ClearCommFeature
                        0x0002a703     0x4  Code  Gb  drv_usb_main.o [1]
USBD_CDC_ACM_DataFree   0x0002dd89    0x12  Code  Gb  usbd_cdc_acm.o [1]
USBD_CDC_ACM_DataRead   0x0002de4b    0x40  Code  Gb  usbd_cdc_acm.o [1]
USBD_CDC_ACM_DataReceived
                        0x0002e641     0x4  Code  Wk  usbd_cdc_acm.o [1]
USBD_CDC_ACM_DataSend   0x0002dd9b    0x96  Code  Gb  usbd_cdc_acm.o [1]
USBD_CDC_ACM_EP_BULKIN_Event
                        0x0002e139    0x12  Code  Gb  usbd_cdc_acm.o [1]
USBD_CDC_ACM_EP_BULKIN_HandleData
                        0x0002dfe9    0xf2  Code  Lc  usbd_cdc_acm.o [1]
USBD_CDC_ACM_EP_BULKOUT_Event
                        0x0002e0e5    0x4e  Code  Gb  usbd_cdc_acm.o [1]
USBD_CDC_ACM_EP_BULKOUT_HandleData
                        0x0002df67    0x6c  Code  Lc  usbd_cdc_acm.o [1]
USBD_CDC_ACM_EP_INTIN_Event
                        0x0002df65     0x2  Code  Gb  usbd_cdc_acm.o [1]
USBD_CDC_ACM_GetChar    0x0002de8b    0x1a  Code  Gb  usbd_cdc_acm.o [1]
USBD_CDC_ACM_GetCommFeature
                        0x0002a6ff     0x4  Code  Gb  drv_usb_main.o [1]
USBD_CDC_ACM_GetEncapsulatedResponse
                        0x0002a6f7     0x4  Code  Gb  drv_usb_main.o [1]
USBD_CDC_ACM_GetLineCoding
                        0x0002e681    0x5c  Code  Wk  usbd_cdc_acm.o [1]
USBD_CDC_ACM_Initialize
                        0x0002a6e5     0xe  Code  Gb  drv_usb_main.o [1]
USBD_CDC_ACM_PortGetLineCoding
                        0x0002e2bd    0x24  Code  Gb  drv_usbd_user_cdc_acm.o [1]
USBD_CDC_ACM_PortInitialize
                        0x0002e26d    0x22  Code  Gb  drv_usbd_user_cdc_acm.o [1]
USBD_CDC_ACM_PortReset  0x0002e28f     0x4  Code  Gb  drv_usbd_user_cdc_acm.o [1]
USBD_CDC_ACM_PortSetControlLineState
                        0x0002e2e9     0x4  Code  Gb  drv_usbd_user_cdc_acm.o [1]
USBD_CDC_ACM_PortSetLineCoding
                        0x0002e293    0x2a  Code  Gb  drv_usbd_user_cdc_acm.o [1]
USBD_CDC_ACM_ReceiveBuf
                        0x2001ae68   0x800  Data  Gb  usbd_S1C31W74.o [1]
USBD_CDC_ACM_Reset      0x0002e1a1    0xcc  Code  Wk  usbd_cdc_acm.o [1]
USBD_CDC_ACM_SOF_Event  0x0002dea5    0xb2  Code  Gb  usbd_cdc_acm.o [1]
USBD_CDC_ACM_SendBreak  0x0002a707     0x4  Code  Gb  drv_usb_main.o [1]
USBD_CDC_ACM_SendBuf    0x2001a668   0x800  Data  Gb  usbd_S1C31W74.o [1]
USBD_CDC_ACM_SendEncapsulatedCommand
                        0x0002a6f3     0x4  Code  Gb  drv_usb_main.o [1]
USBD_CDC_ACM_SetCommFeature
                        0x0002a6fb     0x4  Code  Gb  drv_usb_main.o [1]
USBD_CDC_ACM_SetControlLineState
                        0x0002e6dd    0x14  Code  Wk  usbd_cdc_acm.o [1]
USBD_CDC_ACM_SetLineCoding
                        0x0002e6f1    0x4c  Code  Wk  usbd_cdc_acm.o [1]
USBD_CDC_ACM_WaitSendCompletion
                        0x0002de31    0x1a  Code  Gb  usbd_cdc_acm.o [1]
USBD_ClrStallEP         0x0002c5fd    0x16  Code  Gb  usbd_S1C31W74.o [1]
USBD_ConfigDescriptor   0x00030580    0x44  Data  Wk  usbd_S1C31W74.o [1]
USBD_ConfigDescriptor_HS
                        0x000318a2     0x1  Data  Wk  usbd_S1C31W74.o [1]
USBD_ConfigEP           0x0002c593    0x32  Code  Gb  usbd_S1C31W74.o [1]
USBD_Configuration      0x2001d571     0x1  Data  Gb  usbd_core.o [1]
USBD_Configure          0x0002c591     0x2  Code  Gb  usbd_S1C31W74.o [1]
USBD_Configure_Event    0x0002a6df     0x2  Code  Gb  drv_usb_main.o [1]
USBD_DataInStage        0x0002d2d5    0x46  Code  Gb  usbd_core.o [1]
USBD_DataOutStage       0x0002d31b    0x22  Code  Gb  usbd_core.o [1]
USBD_DeviceAddress      0x2001d570     0x1  Data  Gb  usbd_core.o [1]
USBD_DeviceDescriptor   0x00030f4c    0x14  Data  Wk  usbd_S1C31W74.o [1]
USBD_DeviceQualifier    0x000318a0     0x1  Data  Wk  usbd_S1C31W74.o [1]
USBD_DeviceQualifier_HS
                        0x000318a1     0x1  Data  Wk  usbd_S1C31W74.o [1]
USBD_DeviceStatus       0x2001d566     0x2  Data  Gb  usbd_core.o [1]
USBD_DirCtrlEP          0x0002c5c5     0x8  Code  Gb  usbd_S1C31W74.o [1]
USBD_DisableEP          0x0002c5d9     0xc  Code  Gb  usbd_S1C31W74.o [1]
USBD_EP0Buf             0x2001d2ec    0x40  Data  Gb  usbd_S1C31W74.o [1]
USBD_EP0Data            0x2001d4bc     0x8  Data  Gb  usbd_core.o [1]
USBD_EnableEP           0x0002c5cd     0xc  Code  Gb  usbd_S1C31W74.o [1]
USBD_EndPoint0          0x0002daf9   0x272  Code  Gb  usbd_core.o [1]
USBD_EndPoint0_Out_CDC_ReqToIF
                        0x0002e5c1    0x80  Code  Wk  usbd_core_cdc.o [1]
USBD_EndPoint0_Out_HID_ReqToIF
                        0x0002c451     0x4  Code  Gb  usbd_S1C31W74.o [1]
USBD_EndPoint0_Setup_CDC_ReqToIF
                        0x0002e491   0x130  Code  Wk  usbd_core_cdc.o [1]
USBD_EndPoint0_Setup_HID_ReqToIF
                        0x0002c44d     0x4  Code  Gb  usbd_S1C31W74.o [1]
USBD_EndPoint0_Setup_MSC_ReqToIF
                        0x0002c457     0x4  Code  Gb  usbd_S1C31W74.o [1]
USBD_EndPointHalt       0x2001d540     0x4  Data  Gb  usbd_core.o [1]
USBD_EndPointMask       0x2001d53c     0x4  Data  Gb  usbd_core.o [1]
USBD_EndPointStall      0x2001d544     0x4  Data  Gb  usbd_core.o [1]
USBD_Feature_Event      0x0002a6e3     0x2  Code  Gb  drv_usb_main.o [1]
USBD_HighSpeed          0x2001d573     0x1  Data  Gb  usbd_core.o [1]
USBD_Init               0x0002c52b    0x22  Code  Gb  usbd_S1C31W74.o [1]
USBD_Interface_Event    0x0002a6e1     0x2  Code  Gb  drv_usb_main.o [1]
USBD_NumInterfaces      0x2001d572     0x1  Data  Gb  usbd_core.o [1]
USBD_OtherSpeedConfigDescriptor
                        0x000318a3     0x1  Data  Wk  usbd_S1C31W74.o [1]
USBD_OtherSpeedConfigDescriptor_HS
                        0x000318a4     0x1  Data  Wk  usbd_S1C31W74.o [1]
[...]
mid_HTTP_req_FileGet    0x0001eee1    0x3e  Code  Gb  mid_HTTP.o [1]
mid_HTTP_req_FtpDel     0x0001eded    0x38  Code  Gb  mid_HTTP.o [1]
mid_HTTP_req_FtpGet     0x0001ee65    0x3e  Code  Gb  mid_HTTP.o [1]
mid_HTTP_req_FtpOpen    0x0001ee29    0x38  Code  Gb  mid_HTTP.o [1]
mid_HTTP_req_FtpRecovery
                        0x0001eea9    0x38  Code  Gb  mid_HTTP.o [1]
mid_HTTP_req_GetClk     0x0001ef51    0x38  Code  Gb  mid_HTTP.o [1]
mid_HTTP_req_GetIpAddress
                        0x0001e9e9    0x38  Code  Gb  mid_HTTP.o [1]
mid_HTTP_req_InitCmd    0x0001e821    0x38  Code  Gb  mid_HTTP.o [1]
mid_HTTP_req_LTE_PowerOFF
                        0x0001efc1    0x32  Code  Gb  mid_HTTP.o [1]
mid_HTTP_req_LteClose   0x0001e8dd    0x38  Code  Gb  mid_HTTP.o [1]
mid_HTTP_req_LteCpsi    0x0001e9a9    0x38  Code  Gb  mid_HTTP.o [1]
mid_HTTP_req_LteOpen    0x0001e895    0x38  Code  Gb  mid_HTTP.o [1]
mid_HTTP_req_LteReady   0x0001e859    0x38  Code  Gb  mid_HTTP.o [1]
mid_HTTP_req_LteReset   0x0001ea25    0x38  Code  Gb  mid_HTTP.o [1]
mid_HTTP_req_LteStbyIn  0x0001e91d    0x38  Code  Gb  mid_HTTP.o [1]
mid_HTTP_req_LteStbyOut
                        0x0001e95d    0x38  Code  Gb  mid_HTTP.o [1]
mid_HTTP_req_OtaOffCmd  0x0001e7b5    0x66  Code  Gb  mid_HTTP.o [1]
mid_HTTP_req_ServerClose
                        0x0001ed3d    0x38  Code  Gb  mid_HTTP.o [1]
mid_HTTP_req_ServerOpen
                        0x0001ecfd    0x38  Code  Gb  mid_HTTP.o [1]
mid_HTTP_req_ServerSend
                        0x0001ed8d    0x5c  Code  Gb  mid_HTTP.o [1]
mid_HTTP_req_UdpClose   0x0001eaa1    0x44  Code  Gb  mid_HTTP.o [1]
mid_HTTP_req_UdpOpen    0x0001ea5d    0x44  Code  Gb  mid_HTTP.o [1]
mid_HTTP_req_UdpSend    0x0001eae5   0x10c  Code  Gb  mid_HTTP.o [1]
mid_HTTP_res_callback   0x0001df85    0x24  Code  Lc  mid_HTTP.o [1]
mid_HTTP_resp_check     0x0001ca91   0x178  Code  Lc  mid_HTTP.o [1]
mid_HTTP_resp_check2    0x0001cc3d   0xde0  Code  Lc  mid_HTTP.o [1]
mid_HTTP_response       0x0001e021   0x652  Code  Lc  mid_HTTP.o [1]
mid_HTTP_send_command   0x0001da61   0x4e8  Code  Lc  mid_HTTP.o [1]
mid_HTTP_set_RecvNoti   0x0001ef1f    0x1a  Code  Gb  mid_HTTP.o [1]
mid_gps_work            0x2001d184    0x54  Data  Lc  mid_GPS.o [1]
mid_http_udpsend_work   0x2001d3a0    0x20  Data  Lc  mid_HTTP.o [1]
mid_http_work           0x20010114  0x1e08  Data  Lc  mid_HTTP.o [1]
mode_seq_tbl            0x0002fb9c   0x198  Data  Lc  man_ope.o [1]
month_code              0x00031190    0x10  Data  Gb  se_rtca.o [6]
month_day_tbl           0x00030b94    0x1c  Data  Lc  gnss_gw_common.o [1]
ndigs                   0x0002e444    0x28  Data  Lc  xstoul.o [3]
num_to_bcd              0x00020265    0x2a  Code  Gb  gnss_gw_common.o [1]
offSwOccured            0x2001d560     0x2  Data  Lc  drv_clg.o [1]
other_tbl               0x0003028c    0x78  Data  Lc  man_data.o [1]
out_port_tbl            0x00030f60    0x10  Data  Lc  ctrl_GPIO.o [1]
print_buf               0x2001d034    0x80  Data  Gb  main.o [1]
printf                  0x0002e46d    0x24  Code  Gb  printf.o [3]
protect                 0x0002976f     0xe  Code  Lc  se_rtca.o [6]
ptr_data_read           0x2001d538     0x4  Data  Gb  usbd_cdc_acm.o [1]
ptr_data_received       0x2001d534     0x4  Data  Gb  usbd_cdc_acm.o [1]
ptr_data_sent           0x2001d520     0x4  Data  Gb  usbd_cdc_acm.o [1]
ptr_data_to_send        0x2001d51c     0x4  Data  Gb  usbd_cdc_acm.o [1]
putchar                 0x00030af1    0x24  Code  Gb  putchar.o [3]
recv_cmd_tbl            0x000303dc    0x68  Data  Lc  mid_HTTP.o [1]
recv_tbl                0x00030d40    0x18  Data  Lc  man_http.o [1]
respons                 0x2001c680   0x2a0  Data  Gb  man_usb.o [1]
rtc_get_clock           0x00021eaf    0x34  Code  Gb  drv_rtc.o [1]
rtc_init                0x00021e15    0x3a  Code  Gb  drv_rtc.o [1]
rtc_set_clock           0x00021e55    0x5a  Code  Gb  drv_rtc.o [1]
seAssert                0x0002a9bf     0xe  Code  Gb  se_common.o [6]
seCLG_ClearIntFlag      0x00025d85     0x6  Code  Gb  se_clg.o [6]
seCLG_GetIoscFreqSel    0x00025c83    0x42  Code  Gb  se_clg.o [6]
seCLG_GetSysClk         0x00025bb1    0x92  Code  Gb  se_clg.o [6]
seCLG_GetSysClkSrc      0x00025c43     0xa  Code  Gb  se_clg.o [6]
seCLG_SetOperInSlp      0x00025d01    0x6c  Code  Gb  se_clg.o [6]
seCLG_Start             0x00025cc9    0x2e  Code  Gb  se_clg.o [6]
seCLG_SwitchSysClkSrc   0x00025c4d    0x36  Code  Gb  se_clg.o [6]
seI2C_ClearIntFlag      0x0002b641     0x4  Code  Gb  se_i2c.o [6]
seI2C_Disable           0x0002b403     0xa  Code  Gb  se_i2c.o [6]
seI2C_Enable            0x0002b3db    0x28  Code  Gb  se_i2c.o [6]
seI2C_Init              0x0002b205   0x1b4  Code  Gb  se_i2c.o [6]
seI2C_MstReceiveData    0x0002b519   0x10c  Code  Gb  se_i2c.o [6]
seI2C_MstSendData       0x0002b411    0xf0  Code  Gb  se_i2c.o [6]
seI2C_Reset             0x0002b3b9    0x22  Code  Gb  se_i2c.o [6]
sePPORT_ClearIntFlag    0x0002ab45    0x30  Code  Gb  se_pport.o [6]
sePPORT_DisableInt      0x0002aacf    0x34  Code  Gb  se_pport.o [6]
sePPORT_EnableChatteringFilter
                        0x0002ac15    0x3c  Code  Gb  se_pport.o [6]
sePPORT_EnableInt       0x0002aa73    0x5c  Code  Gb  se_pport.o [6]
sePPORT_GetInput        0x0002abc5    0x4c  Code  Gb  se_pport.o [6]
sePPORT_GetIntFlag      0x0002ab03    0x42  Code  Gb  se_pport.o [6]
sePPORT_InitAsAltFunction
                        0x0002ada1    0x80  Code  Gb  se_pport.o [6]
sePPORT_InitAsHiZ       0x0002ac51    0x46  Code  Gb  se_pport.o [6]
sePPORT_InitAsInput     0x0002a9d5    0x54  Code  Gb  se_pport.o [6]
sePPORT_InitAsOutput    0x0002aa29    0x4a  Code  Gb  se_pport.o [6]
sePPORT_SetOutput       0x0002ab75    0x4c  Code  Gb  se_pport.o [6]
sePPORT_UpMuxFunction   0x0002ac97   0x10a  Code  Gb  se_pport.o [6]
seProtectSys            0x0002a9b5     0xa  Code  Gb  se_common.o [6]
seRTCA_CalcWeekDay      0x000296a5    0x8a  Code  Gb  se_rtca.o [6]
seRTCA_ClearIntFlag     0x00029143     0x6  Code  Gb  se_rtca.o [6]
seRTCA_DisableInt       0x00029137     0xc  Code  Gb  se_rtca.o [6]
seRTCA_EnableInt        0x0002912b     0xc  Code  Gb  se_rtca.o [6]
seRTCA_Get12_24Mode     0x00029335    0x1e  Code  Gb  se_rtca.o [6]
seRTCA_GetHourMinuteSecond
                        0x000294b9    0x80  Code  Gb  se_rtca.o [6]
seRTCA_GetYearMonthDayWeek
                        0x0002928d    0xa8  Code  Gb  se_rtca.o [6]
seRTCA_Init             0x0002901d    0xc4  Code  Gb  se_rtca.o [6]
seRTCA_Set12_24Mode     0x00029359    0x28  Code  Gb  se_rtca.o [6]
seRTCA_SetAlarm         0x00029549   0x132  Code  Gb  se_rtca.o [6]
seRTCA_SetHourMinuteSecond
                        0x00029395   0x124  Code  Gb  se_rtca.o [6]
seRTCA_SetYearMonthDayWeek
                        0x0002914d   0x112  Code  Gb  se_rtca.o [6]
seRTCA_Start            0x000290e1    0x3c  Code  Gb  se_rtca.o [6]
seRTCA_Stop             0x0002911d     0xe  Code  Gb  se_rtca.o [6]
seSPIA_Init             0x0002ae75    0xb6  Code  Gb  se_spia.o [6]
seSPIA_InitStructForMaster
                        0x0002af2b    0x1e  Code  Gb  se_spia.o [6]
seSPIA_Reset            0x0002afcf    0x22  Code  Gb  se_spia.o [6]
seSPIA_RxBytes          0x0002b06d    0x98  Code  Gb  se_spia.o [6]
seSPIA_SetBusSpeed      0x0002b109    0x3e  Code  Gb  se_spia.o [6]
seSPIA_Start            0x0002af49    0x48  Code  Gb  se_spia.o [6]
seSPIA_Stop             0x0002af91    0x3e  Code  Gb  se_spia.o [6]
seSPIA_TxBytes          0x0002aff1    0x5e  Code  Gb  se_spia.o [6]
seSVD2_ClearIntLowVoltage
                        0x0002cf55     0x6  Code  Gb  se_svd2.o [6]
seSVD2_Init             0x0002cd35   0x156  Code  Gb  se_svd2.o [6]
seSVD2_IsIntLowVoltage  0x0002cf39    0x1c  Code  Gb  se_svd2.o [6]
seSVD2_SetComparisonVoltage
                        0x0002ced7    0x3a  Code  Gb  se_svd2.o [6]
seSVD2_Start            0x0002ce8b    0x26  Code  Gb  se_svd2.o [6]
seSVD2_Stop             0x0002ceb1    0x26  Code  Gb  se_svd2.o [6]
seSysSleepMS            0x000201ef    0x4e  Code  Gb  system_S1C31W74.o [1]
seSysTickInit           0x000201c3    0x2c  Code  Gb  system_S1C31W74.o [1]
seSysTickStart          0x000201a7     0xe  Code  Gb  system_S1C31W74.o [1]
seSysTickStop           0x000201b5     0xe  Code  Gb  system_S1C31W74.o [1]
seT16_ClearIntFlag      0x00029015     0x6  Code  Gb  se_t16.o [6]
seT16_ConfigureClock    0x00028eeb    0x30  Code  Gb  se_t16.o [6]
seT16_ConfigureCounterMode
                        0x00028f99    0x14  Code  Gb  se_t16.o [6]
seT16_Disable           0x00028ee1     0xa  Code  Gb  se_t16.o [6]
seT16_DisableInt        0x00028fe7     0xa  Code  Gb  se_t16.o [6]
seT16_Enable            0x00028ed7     0xa  Code  Gb  se_t16.o [6]
seT16_EnableInt         0x00028fdd     0xa  Code  Gb  se_t16.o [6]
seT16_GetClk            0x00028f1b    0x7e  Code  Gb  se_t16.o [6]
seT16_Init              0x00028df3    0xb8  Code  Gb  se_t16.o [6]
seT16_InitStruct        0x00028de1    0x12  Code  Gb  se_t16.o [6]
seT16_SetCounter        0x00028fad    0x30  Code  Gb  se_t16.o [6]
seT16_Start             0x00028eb9    0x1e  Code  Gb  se_t16.o [6]
seT16_Stop              0x00028eab     0xe  Code  Gb  se_t16.o [6]
seUART2_ClearIntFlag    0x0002d1b5     0x6  Code  Gb  se_uart2.o [6]
seUART2_ConfigureClock  0x0002d07b    0x30  Code  Gb  se_uart2.o [6]
seUART2_ConfigureMode   0x0002d107     0xc  Code  Gb  se_uart2.o [6]
seUART2_Disable         0x0002d057    0x24  Code  Gb  se_uart2.o [6]
seUART2_DisableInt      0x0002d189     0xa  Code  Gb  se_uart2.o [6]
seUART2_Enable          0x0002d035    0x22  Code  Gb  se_uart2.o [6]
seUART2_EnableInt       0x0002d17f     0xa  Code  Gb  se_uart2.o [6]
seUART2_GetIntFlag      0x0002d193    0x22  Code  Gb  se_uart2.o [6]
seUART2_GetUartClk      0x0002d0ab    0x5c  Code  Gb  se_uart2.o [6]
seUART2_Init            0x0002cf71    0xc4  Code  Gb  se_uart2.o [6]
seUART2_Send            0x0002d1bb    0x30  Code  Gb  se_uart2.o [6]
seUART2_SetBaudRate     0x0002d113    0x46  Code  Gb  se_uart2.o [6]
seUART2_SetBaudRateReg  0x0002d159    0x26  Code  Gb  se_uart2.o [6]
seUSB_ActivateUSBCLK    0x0002c3ad    0x64  Code  Gb  se_usb.o [6]
seUSB_Attach            0x0002b939    0x4e  Code  Gb  se_usb.o [6]
seUSB_ClearAllIntFlags  0x0002b81d    0x2c  Code  Gb  se_usb.o [6]
seUSB_ClearEPmFifo      0x0002bf5d    0x44  Code  Gb  se_usb.o [6]
seUSB_ClearEPnFifos     0x0002bf41     0xe  Code  Gb  se_usb.o [6]
seUSB_ClrStall          0x0002c2f5    0x40  Code  Gb  se_usb.o [6]
seUSB_ConfSvdDetectDisconnect
                        0x0002cb75    0x4c  Code  Gb  usbd_S1C31W74.o [1]
seUSB_ConfigureDefaultEndpoints
                        0x0002b9f9   0x112  Code  Gb  se_usb.o [6]
seUSB_ConfigureEPm      0x0002bc09   0x104  Code  Gb  se_usb.o [6]
seUSB_ConfigurePortsForUsb
                        0x0002cbd1   0x12a  Code  Gb  usbd_S1C31W74.o [1]
seUSB_DataInStage       0x0002bbad    0x1a  Code  Gb  se_usb.o [6]
seUSB_DataOutStage      0x0002bbcd    0x1a  Code  Gb  se_usb.o [6]
seUSB_DeactivateUSBCLK  0x0002c389    0x16  Code  Gb  se_usb.o [6]
seUSB_Detach            0x0002b987    0x34  Code  Gb  se_usb.o [6]
seUSB_Disable           0x0002b80f     0xe  Code  Gb  se_usb.o [6]
seUSB_DisableAllInt     0x0002b849    0x48  Code  Gb  se_usb.o [6]
seUSB_DisableEPm        0x0002be21    0x82  Code  Gb  se_usb.o [6]
seUSB_Enable            0x0002b801     0xe  Code  Gb  se_usb.o [6]
seUSB_EnableEPm         0x0002bd95    0x88  Code  Gb  se_usb.o [6]
seUSB_GetSetupPacket    0x0002c33d    0x4c  Code  Gb  se_usb.o [6]
seUSB_Init              0x0002b7a7    0x5a  Code  Gb  se_usb.o [6]
seUSB_InitEp0           0x0002bb19    0x26  Code  Gb  se_usb.o [6]
seUSB_InitUsbModule     0x0002b8cd    0x66  Code  Gb  se_usb.o [6]
seUSB_IsVbusConnected   0x0002b891    0x3c  Code  Gb  se_usb.o [6]
seUSB_ReadFifo          0x0002bfb5   0x11c  Code  Gb  se_usb.o [6]
seUSB_Reset             0x0002bea3     0xe  Code  Gb  se_usb.o [6]
seUSB_ResetEPm          0x0002bd1d    0x74  Code  Gb  se_usb.o [6]
seUSB_Resume            0x0002becd    0x1e  Code  Gb  se_usb.o [6]
seUSB_SetAddress        0x0002bf2d    0x14  Code  Gb  se_usb.o [6]
seUSB_SetEp0Dir         0x0002bb3f    0x1e  Code  Gb  se_usb.o [6]
seUSB_SetStall          0x0002c2a9    0x40  Code  Gb  se_usb.o [6]
seUSB_Snooze            0x0002bef5    0x30  Code  Gb  se_usb.o [6]
seUSB_StatusInStage     0x0002bb81    0x26  Code  Gb  se_usb.o [6]
seUSB_Suspend           0x0002beb5    0x14  Code  Gb  se_usb.o [6]
seUSB_WriteFifo         0x0002c0f1   0x1aa  Code  Gb  se_usb.o [6]
seWDT2_ChipReset        0x00029949    0x68  Code  Gb  se_wdt2.o [6]
seWDT2_ConfigureClock   0x000298bd    0x4a  Code  Gb  se_wdt2.o [6]
seWDT2_Init             0x0002979f    0x90  Code  Gb  se_wdt2.o [6]
seWDT2_InitStruct       0x0002978d    0x12  Code  Gb  se_wdt2.o [6]
seWDT2_ResetCounter     0x00029907    0x1c  Code  Gb  se_wdt2.o [6]
seWDT2_SetCMP           0x00029923    0x26  Code  Gb  se_wdt2.o [6]
seWDT2_SetMode          0x00029893    0x2a  Code  Gb  se_wdt2.o [6]
seWDT2_Start            0x0002984f    0x44  Code  Gb  se_wdt2.o [6]
seWDT2_Stop             0x0002982f    0x20  Code  Gb  se_wdt2.o [6]
serial_usb_get_size_sbuff
                        0x0002a641     0x8  Code  Gb  drv_usb_main.o [1]
serial_usb_init         0x0002a631    0x10  Code  Gb  drv_usb_main.o [1]
serial_usb_send         0x0002a649    0x64  Code  Gb  drv_usb_main.o [1]
seseUSB_StatusOutStage  0x0002bb61    0x1a  Code  Gb  se_usb.o [6]
setI2cMstStartCondition
                        0x0002b645    0x34  Code  Lc  se_i2c.o [6]
setI2cMstStopCondition  0x0002b679    0x34  Code  Lc  se_i2c.o [6]
setSleep                0x00020197    0x10  Code  Gb  system_S1C31W74.o [1]
sim_cpin_tbl            0x00030304    0x6c  Data  Lc  mid_HTTP.o [1]
slave_addr              0x200006f4     0x1  Data  Lc  ctrl_BQ24160A.o [1]
slave_addr              0x200006f5     0x1  Data  Lc  ctrl_BQ28Z610.o [1]
slave_addr              0x200006f6     0x1  Data  Lc  ctrl_LSM6DSL.o [1]
slave_addr              0x200006f7     0x1  Data  Lc  ctrl_MPL3115A2.o [1]
sleep_mode              0x00029c17   0x13c  Code  Gb  drv_clg.o [1]
sleep_mode_alarm        0x00029eb5   0x18a  Code  Gb  drv_clg.o [1]
sleep_mode_exton        0x00029d59   0x13c  Code  Gb  drv_clg.o [1]
sleep_mode_system_error
                        0x0002a045   0x142  Code  Gb  drv_clg.o [1]
spi_init                0x000289b5    0x52  Code  Gb  drv_spi_0.o [1]
spia_ASSERT_MST_CS      0x00028a59    0x10  Code  Gb  drv_spi_0.o [1]
spia_ENABLE_MST_CS      0x00028a43    0x16  Code  Gb  drv_spi_0.o [1]
spia_NEGATE_MST_CS      0x00028a69    0x10  Code  Gb  drv_spi_0.o [1]
spia_ReceiveData        0x00028a25    0x1e  Code  Gb  drv_spi_0.o [1]
spia_SendData           0x00028a07    0x1e  Code  Gb  drv_spi_0.o [1]
spia_Start              0x00028a79     0xc  Code  Gb  drv_spi_0.o [1]
spia_Stop               0x00028a85     0xc  Code  Gb  drv_spi_0.o [1]
spia_end                0x00028a91    0x24  Code  Gb  drv_spi_0.o [1]
spia_re_start           0x00028ab5    0x12  Code  Gb  drv_spi_0.o [1]
sprintf                 0x0001c079    0x38  Code  Gb  sprintf.o [3]
store                   0x2001d1d8    0x50  Data  Lc  xxwritebuffered.o [3]
storeLen                0x2001d228     0x4  Data  Lc  xxwritebuffered.o [3]
strcpy                  0x00028ad9          Code  Gb  strcpy.o [4]
strlen                  0x0001c0b1    0x10  Code  Gb  strlen.o [4]
switch_altitude         0x00022057    0x32  Code  Lc  ctrl_MPL3115A2.o [1]
switch_temp_press       0x00022025    0x32  Code  Lc  ctrl_MPL3115A2.o [1]
sysmgr_buf              0x2000dd8c  0x2388  Data  Gb  main.o [1]
sysmgr_buf_lock         0x000183a1     0x6  Code  Gb  main.o [1]
sysmgr_error_sleep      0x000185b7    0x96  Code  Gb  main.o [1]
sysmgr_get_log          0x00018487    0x72  Code  Gb  main.o [1]
sysmgr_init             0x000184f9    0x60  Code  Gb  main.o [1]
sysmgr_log              0x000183a7    0xe0  Code  Gb  main.o [1]
sysmgr_log_tbl          0x2001d438    0x10  Data  Gb  main.o [1]
sysmgr_reset_table      0x0001857f    0x36  Code  Gb  main.o [1]
sysmgr_set_error        0x00018559    0x26  Code  Gb  main.o [1]
system_manager          0x2001d3fc    0x14  Data  Gb  main.o [1]
t16_3_check_1000ms      0x00021d5b    0x16  Code  Gb  drv_t16_3.o [1]
t16_3_check_100ms       0x00021d2f    0x16  Code  Gb  drv_t16_3.o [1]
t16_3_check_10ms        0x00021d19    0x16  Code  Gb  drv_t16_3.o [1]
t16_3_check_500ms       0x00021d45    0x16  Code  Gb  drv_t16_3.o [1]
t16_3_get_counter       0x00021d13     0x6  Code  Gb  drv_t16_3.o [1]
t16_3_init              0x00021ca7    0x58  Code  Gb  drv_t16_3.o [1]
t16_3_start             0x00021cff     0xa  Code  Gb  drv_t16_3.o [1]
t16_3_stop              0x00021d09     0xa  Code  Gb  drv_t16_3.o [1]
testflag                0x2001d4d4     0x4  Data  Gb  ctrl_BQ24160A.o [1]
timer_diff              0x2001d4f4     0x4  Data  Lc  man_press.o [1]
timer_end               0x2001d4f0     0x4  Data  Lc  man_press.o [1]
timer_max               0x2001d4f8     0x4  Data  Lc  man_press.o [1]
timer_start             0x2001d4ec     0x4  Data  Lc  man_press.o [1]
tmp_tbl                 0x2000057c    0x24  Data  Gb  man_data.o [1]
unprotect               0x0002972f    0x40  Code  Lc  se_rtca.o [6]
usb_console_flag        0x2001d500     0x4  Data  Gb  man_usb.o [1]
usb_log_flag            0x2001d4fc     0x4  Data  Gb  man_usb.o [1]
usb_send_cnt            0x2001d550     0x4  Data  Gb  se_usb.o [6]
usb_timer_max           0x2001d4e4     0x4  Data  Lc  drv_usb_main.o [1]
usbd_cdc_acm_cif_num    0x0003189c     0x1  Data  Gb  usbd_S1C31W74.o [1]
usbd_cdc_acm_dif_num    0x0003189d     0x1  Data  Gb  usbd_S1C31W74.o [1]
usbd_cdc_acm_ep_bulkin  0x0003189e     0x1  Data  Gb  usbd_S1C31W74.o [1]
usbd_cdc_acm_ep_bulkout
                        0x0003189f     0x1  Data  Gb  usbd_S1C31W74.o [1]
usbd_cdc_acm_maxpacketsize1
                        0x0003183c     0x4  Data  Gb  usbd_S1C31W74.o [1]
usbd_cdc_acm_receivebuf_sz
                        0x0003185c     0x2  Data  Gb  usbd_S1C31W74.o [1]
usbd_cdc_acm_sendbuf_sz
                        0x0003185a     0x2  Data  Gb  usbd_S1C31W74.o [1]
usbd_class_init         0x0002c45b     0x8  Code  Gb  usbd_S1C31W74.o [1]
usbd_configured         0x0002d2b7    0x12  Code  Gb  usbd_core.o [1]
usbd_hs_enable          0x0003189a     0x1  Data  Gb  usbd_S1C31W74.o [1]
usbd_if_num             0x00031858     0x2  Data  Gb  usbd_S1C31W74.o [1]
usbd_init               0x0002d279    0x16  Code  Gb  usbd_core.o [1]
usbd_max_packet0        0x0003189b     0x1  Data  Gb  usbd_S1C31W74.o [1]
usbd_power              0x00031899     0x1  Data  Gb  usbd_S1C31W74.o [1]
usbd_reset_core         0x0002d28f    0x28  Code  Gb  usbd_core.o [1]
utc                     0x2001d4a4     0x8  Data  Lc  gnss_gw_common.o [1]
wdt_NMI_init            0x00021f23    0x3e  Code  Gb  drv_wdt.o [1]
wdt_init                0x00021ee5    0x3e  Code  Gb  drv_wdt.o [1]
wdt_reset               0x00021f7d    0x10  Code  Gb  drv_wdt.o [1]
wdt_resetCounter        0x00021f75     0x8  Code  Gb  drv_wdt.o [1]
wdt_start               0x00021f65     0x8  Code  Gb  drv_wdt.o [1]
wdt_stop                0x00021f6d     0x8  Code  Gb  drv_wdt.o [1]
writeReload             0x20000670     0x2  Data  Gb  FlashS1C31W74.o [5]


[1] = C:\GNSS\Software\rJ105\source\GNSS_GW\board\S5U1C31W74T1\IAR\DebugFlash\Obj
[2] = command line
[3] = dl6M_tln.a
[4] = rt6M_tl.a
[5] = seFlashLibraryS1C31W74Int.a
[6] = sePeriphLibrary.a
[7] = shb_l.a

  125 823 bytes of readonly  code memory
    1 292 bytes of readwrite code memory
   11 805 bytes of readonly  data memory
  122 951 bytes of readwrite data memory

Errors: none
Warnings: none
